Component: ARM Compiler 5.06 update 7 (build 960) Tool: armlink [4d3601]

==============================================================================

Section Cross References

    startup_stm32f407xx.o(RESET) refers to startup_stm32f407xx.o(STACK) for __initial_sp
    startup_stm32f407xx.o(RESET) refers to startup_stm32f407xx.o(.text) for Reset_Handler
    startup_stm32f407xx.o(RESET) refers to stm32f4xx_it.o(i.NMI_Handler) for NMI_Handler
    startup_stm32f407xx.o(RESET) refers to stm32f4xx_it.o(i.HardFault_Handler) for HardFault_Handler
    startup_stm32f407xx.o(RESET) refers to stm32f4xx_it.o(i.MemManage_Handler) for MemManage_Handler
    startup_stm32f407xx.o(RESET) refers to stm32f4xx_it.o(i.BusFault_Handler) for BusFault_Handler
    startup_stm32f407xx.o(RESET) refers to stm32f4xx_it.o(i.UsageFault_Handler) for UsageFault_Handler
    startup_stm32f407xx.o(RESET) refers to stm32f4xx_it.o(i.SVC_Handler) for SVC_Handler
    startup_stm32f407xx.o(RESET) refers to stm32f4xx_it.o(i.DebugMon_Handler) for DebugMon_Handler
    startup_stm32f407xx.o(RESET) refers to stm32f4xx_it.o(i.PendSV_Handler) for PendSV_Handler
    startup_stm32f407xx.o(RESET) refers to stm32f4xx_it.o(i.SysTick_Handler) for SysTick_Handler
    startup_stm32f407xx.o(RESET) refers to stm32f4xx_it.o(i.DMA1_Stream1_IRQHandler) for DMA1_Stream1_IRQHandler
    startup_stm32f407xx.o(RESET) refers to stm32f4xx_it.o(i.DMA1_Stream3_IRQHandler) for DMA1_Stream3_IRQHandler
    startup_stm32f407xx.o(RESET) refers to stm32f4xx_it.o(i.USART1_IRQHandler) for USART1_IRQHandler
    startup_stm32f407xx.o(RESET) refers to stm32f4xx_it.o(i.USART3_IRQHandler) for USART3_IRQHandler
    startup_stm32f407xx.o(RESET) refers to stm32f4xx_it.o(i.DMA2_Stream0_IRQHandler) for DMA2_Stream0_IRQHandler
    startup_stm32f407xx.o(RESET) refers to stm32f4xx_it.o(i.DMA2_Stream1_IRQHandler) for DMA2_Stream1_IRQHandler
    startup_stm32f407xx.o(RESET) refers to stm32f4xx_it.o(i.DMA2_Stream2_IRQHandler) for DMA2_Stream2_IRQHandler
    startup_stm32f407xx.o(.text) refers to system_stm32f4xx.o(i.SystemInit) for SystemInit
    startup_stm32f407xx.o(.text) refers to entry.o(.ARM.Collect$$$$00000000) for __main
    main.o(i.SystemClock_Config) refers to memseta.o(.text) for __aeabi_memclr4
    main.o(i.SystemClock_Config) refers to stm32f4xx_hal_rcc.o(i.HAL_RCC_OscConfig) for HAL_RCC_OscConfig
    main.o(i.SystemClock_Config) refers to main.o(i.Error_Handler) for Error_Handler
    main.o(i.SystemClock_Config) refers to stm32f4xx_hal_rcc.o(i.HAL_RCC_ClockConfig) for HAL_RCC_ClockConfig
    main.o(i.main) refers to stm32f4xx_hal.o(i.HAL_Init) for HAL_Init
    main.o(i.main) refers to main.o(i.SystemClock_Config) for SystemClock_Config
    main.o(i.main) refers to gpio.o(i.MX_GPIO_Init) for MX_GPIO_Init
    main.o(i.main) refers to dma.o(i.MX_DMA_Init) for MX_DMA_Init
    main.o(i.main) refers to adc.o(i.MX_ADC1_Init) for MX_ADC1_Init
    main.o(i.main) refers to usart.o(i.MX_USART1_UART_Init) for MX_USART1_UART_Init
    main.o(i.main) refers to fsmc.o(i.MX_FSMC_Init) for MX_FSMC_Init
    main.o(i.main) refers to tim.o(i.MX_TIM2_Init) for MX_TIM2_Init
    main.o(i.main) refers to usart.o(i.MX_USART3_UART_Init) for MX_USART3_UART_Init
    main.o(i.main) refers to adc.o(i.MX_ADC2_Init) for MX_ADC2_Init
    main.o(i.main) refers to adc.o(i.MX_ADC3_Init) for MX_ADC3_Init
    main.o(i.main) refers to tim.o(i.MX_TIM8_Init) for MX_TIM8_Init
    main.o(i.main) refers to lcd.o(i.LCD_Init) for LCD_Init
    main.o(i.main) refers to stm32f4xx_hal_uart.o(i.HAL_UART_Transmit) for HAL_UART_Transmit
    main.o(i.main) refers to printfa.o(i.__0printf) for __2printf
    main.o(i.main) refers to lcd.o(i.LCD_ShowString) for LCD_ShowString
    main.o(i.main) refers to bsp_ad9833.o(i.AD9833_1_GPIO_Init) for AD9833_1_GPIO_Init
    main.o(i.main) refers to bsp_ad9833.o(i.AD9833_1_Config) for AD9833_1_Config
    main.o(i.main) refers to bsp_ad9833.o(i.AD9833_2_GPIO_Init) for AD9833_2_GPIO_Init
    main.o(i.main) refers to bsp_ad9833.o(i.AD9833_2_Config) for AD9833_2_Config
    main.o(i.main) refers to data_process.o(i.config_digital_potentiometer) for config_digital_potentiometer
    main.o(i.main) refers to key.o(i.Detect_KeyPress) for Detect_KeyPress
    main.o(i.main) refers to data_process.o(i.Data_Process) for Data_Process
    main.o(i.main) refers to data_process.o(i.Calibration_Frequency) for Calibration_Frequency
    main.o(i.main) refers to usart.o(.bss) for huart3
    main.o(i.main) refers to lcd.o(.bss) for lcddev
    main.o(i.main) refers to usart.o(.data) for g_phase_valid
    main.o(i.main) refers to key.o(.data) for signal_decomposition_flag
    main.o(i.main) refers to main.o(.data) for output_ready
    gpio.o(i.MX_GPIO_Init) refers to memseta.o(.text) for __aeabi_memclr4
    gpio.o(i.MX_GPIO_Init) refers to stm32f4xx_hal_gpio.o(i.HAL_GPIO_WritePin) for HAL_GPIO_WritePin
    gpio.o(i.MX_GPIO_Init) refers to stm32f4xx_hal_gpio.o(i.HAL_GPIO_Init) for HAL_GPIO_Init
[...]
    .bss                                     0x200033f8   Section       14  lcd.o(.bss)
    .bss                                     0x20003408   Section    32792  fft_hp_estimate.o(.bss)
    win                                      0x20003408   Data        8192  fft_hp_estimate.o(.bss)
    buf                                      0x20005408   Data       16384  fft_hp_estimate.o(.bss)
    mag                                      0x20009408   Data        8192  fft_hp_estimate.o(.bss)
    cfg                                      0x2000b408   Data          24  fft_hp_estimate.o(.bss)
    .bss                                     0x2000b420   Section    24192  data_process.o(.bss)
    adc_zeroed                               0x2000b420   Data        8192  data_process.o(.bss)
    buf_A                                    0x2000d420   Data        4000  data_process.o(.bss)
    buf_Apr                                  0x2000e3c0   Data        4000  data_process.o(.bss)
    buf_B                                    0x2000f360   Data        4000  data_process.o(.bss)
    buf_Bpr                                  0x20010300   Data        4000  data_process.o(.bss)
    STACK                                    0x200112a0   Section     1024  startup_stm32f407xx.o(STACK)

    Global Symbols

    Symbol Name                              Value     Ov Type        Size  Object(Section)

    BuildAttributes$$THM_ISAv4$E$P$D$K$B$S$7EM$VFPi3$EXTD16$VFPS$VFMA$PE$A:L22UL41UL21$X:L11$S22US41US21$IEEE1$IW$USESV6$~STKCKD$USESV7$~SHL$OTIME$ROPI$IEEEX$EBA8$MICROLIB$REQ8$PRES8$EABIv2 0x00000000   Number         0  anon$$obj.o ABSOLUTE
    __ARM_use_no_argv                        0x00000000   Number         0  main.o ABSOLUTE
    _printf_a                                0x00000000   Number         0  stubs.o ABSOLUTE
    _printf_c                                0x00000000   Number         0  stubs.o ABSOLUTE
    _printf_charcount                        0x00000000   Number         0  stubs.o ABSOLUTE
    _printf_d                                0x00000000   Number         0  stubs.o ABSOLUTE
    _printf_e                                0x00000000   Number         0  stubs.o ABSOLUTE
    _printf_f                                0x00000000   Number         0  stubs.o ABSOLUTE
    _printf_flags                            0x00000000   Number         0  stubs.o ABSOLUTE
    _printf_fp_dec                           0x00000000   Number         0  stubs.o ABSOLUTE
    _printf_fp_hex                           0x00000000   Number         0  stubs.o ABSOLUTE
    _printf_g                                0x00000000   Number         0  stubs.o ABSOLUTE
    _printf_i                                0x00000000   Number         0  stubs.o ABSOLUTE
    _printf_int_dec                          0x00000000   Number         0  stubs.o ABSOLUTE
    _printf_l                                0x00000000   Number         0  stubs.o ABSOLUTE
    _printf_lc                               0x00000000   Number         0  stubs.o ABSOLUTE
    _printf_ll                               0x00000000   Number         0  stubs.o ABSOLUTE
    _printf_lld                              0x00000000   Number         0  stubs.o ABSOLUTE
    _printf_lli                              0x00000000   Number         0  stubs.o ABSOLUTE
    _printf_llo                              0x00000000   Number         0  stubs.o ABSOLUTE
    _printf_llu                              0x00000000   Number         0  stubs.o ABSOLUTE
    _printf_llx                              0x00000000   Number         0  stubs.o ABSOLUTE
    _printf_longlong_dec                     0x00000000   Number         0  stubs.o ABSOLUTE
    _printf_longlong_hex                     0x00000000   Number         0  stubs.o ABSOLUTE
    _printf_longlong_oct                     0x00000000   Number         0  stubs.o ABSOLUTE
    _printf_ls                               0x00000000   Number         0  stubs.o ABSOLUTE
    _printf_mbtowc                           0x00000000   Number         0  stubs.o ABSOLUTE
    _printf_n                                0x00000000   Number         0  stubs.o ABSOLUTE
    _printf_o                                0x00000000   Number         0  stubs.o ABSOLUTE
    _printf_p                                0x00000000   Number         0  stubs.o ABSOLUTE
    _printf_percent                          0x00000000   Number         0  stubs.o ABSOLUTE
    _printf_pre_padding                      0x00000000   Number         0  stubs.o ABSOLUTE
    _printf_return_value                     0x00000000   Number         0  stubs.o ABSOLUTE
    _printf_s                                0x00000000   Number         0  stubs.o ABSOLUTE
    _printf_sizespec                         0x00000000   Number         0  stubs.o ABSOLUTE
    _printf_str                              0x00000000   Number         0  stubs.o ABSOLUTE
    _printf_truncate_signed                  0x00000000   Number         0  stubs.o ABSOLUTE
    _printf_truncate_unsigned                0x00000000   Number         0  stubs.o ABSOLUTE
    _printf_u                                0x00000000   Number         0  stubs.o ABSOLUTE
    _printf_wc                               0x00000000   Number         0  stubs.o ABSOLUTE
    _printf_wctomb                           0x00000000   Number         0  stubs.o ABSOLUTE
    _printf_widthprec                        0x00000000   Number         0  stubs.o ABSOLUTE
    _printf_x                                0x00000000   Number         0  stubs.o ABSOLUTE
    __arm_fini_                               - Undefined Weak Reference
    __cpp_initialize__aeabi_                  - Undefined Weak Reference
    __cxa_finalize                            - Undefined Weak Reference
    _clock_init                               - Undefined Weak Reference
    _microlib_exit                            - Undefined Weak Reference
    __Vectors_Size                           0x00000188   Number         0  startup_stm32f407xx.o ABSOLUTE
    __Vectors                                0x08000000   Data           4  startup_stm32f407xx.o(RESET)
    __Vectors_End                            0x08000188   Data           0  startup_stm32f407xx.o(RESET)
    __main                                   0x08000189   Thumb Code     0  entry.o(.ARM.Collect$$$$00000000)
    _main_stk                                0x08000189   Thumb Code     0  entry2.o(.ARM.Collect$$$$00000001)
    _main_scatterload                        0x0800018d   Thumb Code     0  entry5.o(.ARM.Collect$$$$00000004)
    __main_after_scatterload                 0x08000191   Thumb Code     0  entry5.o(.ARM.Collect$$$$00000004)
    _main_clock                              0x08000191   Thumb Code     0  entry7b.o(.ARM.Collect$$$$00000008)
    _main_cpp_init                           0x08000191   Thumb Code     0  entry8b.o(.ARM.Collect$$$$0000000A)
    _main_init                               0x08000191   Thumb Code     0  entry9a.o(.ARM.Collect$$$$0000000B)
    __rt_lib_shutdown_fini                   0x08000199   Thumb Code     0  entry12b.o(.ARM.Collect$$$$0000000E)
    __rt_final_cpp                           0x0800019d   Thumb Code     0  entry10a.o(.ARM.Collect$$$$0000000F)
    __rt_final_exit                          0x0800019d   Thumb Code     0  entry11a.o(.ARM.Collect$$$$00000011)
    Reset_Handler                            0x080001a1   Thumb Code     8  startup_stm32f407xx.o(.text)
    ADC_IRQHandler                           0x080001bb   Thumb Code     0  startup_stm32f407xx.o(.text)
    CAN1_RX0_IRQHandler                      0x080001bb   Thumb Code     0  startup_stm32f407xx.o(.text)
    CAN1_RX1_IRQHandler                      0x080001bb   Thumb Code     0  startup_stm32f407xx.o(.text)
    CAN1_SCE_IRQHandler                      0x080001bb   Thumb Code     0  startup_stm32f407xx.o(.text)
    CAN1_TX_IRQHandler                       0x080001bb   Thumb Code     0  startup_stm32f407xx.o(.text)
    CAN2_RX0_IRQHandler                      0x080001bb   Thumb Code     0  startup_stm32f407xx.o(.text)
    CAN2_RX1_IRQHandler                      0x080001bb   Thumb Code     0  startup_stm32f407xx.o(.text)
    CAN2_SCE_IRQHandler                      0x080001bb   Thumb Code     0  startup_stm32f407xx.o(.text)
    CAN2_TX_IRQHandler                       0x080001bb   Thumb Code     0  startup_stm32f407xx.o(.text)
    DCMI_IRQHandler                          0x080001bb   Thumb Code     0  startup_stm32f407xx.o(.text)
    DMA1_Stream0_IRQHandler                  0x080001bb   Thumb Code     0  startup_stm32f407xx.o(.text)
    DMA1_Stream2_IRQHandler                  0x080001bb   Thumb Code     0  startup_stm32f407xx.o(.text)
    DMA1_Stream4_IRQHandler                  0x080001bb   Thumb Code     0  startup_stm32f407xx.o(.text)
    DMA1_Stream5_IRQHandler                  0x080001bb   Thumb Code     0  startup_stm32f407xx.o(.text)
    DMA1_Stream6_IRQHandler                  0x080001bb   Thumb Code     0  startup_stm32f407xx.o(.text)
    DMA1_Stream7_IRQHandler                  0x080001bb   Thumb Code     0  startup_stm32f407xx.o(.text)
    DMA2_Stream3_IRQHandler                  0x080001bb   Thumb Code     0  startup_stm32f407xx.o(.text)
    DMA2_Stream4_IRQHandler                  0x080001bb   Thumb Code     0  startup_stm32f407xx.o(.text)
    DMA2_Stream5_IRQHandler                  0x080001bb   Thumb Code     0  startup_stm32f407xx.o(.text)
    DMA2_Stream6_IRQHandler                  0x080001bb   Thumb Code     0  startup_stm32f407xx.o(.text)
    DMA2_Stream7_IRQHandler                  0x080001bb   Thumb Code     0  startup_stm32f407xx.o(.text)
    ETH_IRQHandler                           0x080001bb   Thumb Code     0  startup_stm32f407xx.o(.text)
    ETH_WKUP_IRQHandler                      0x080001bb   Thumb Code     0  startup_stm32f407xx.o(.text)
    EXTI0_IRQHandler                         0x080001bb   Thumb Code     0  startup_stm32f407xx.o(.text)
    EXTI15_10_IRQHandler                     0x080001bb   Thumb Code     0  startup_stm32f407xx.o(.text)
    EXTI1_IRQHandler                         0x080001bb   Thumb Code     0  startup_stm32f407xx.o(.text)
    EXTI2_IRQHandler                         0x080001bb   Thumb Code     0  startup_stm32f407xx.o(.text)
    EXTI3_IRQHandler                         0x080001bb   Thumb Code     0  startup_stm32f407xx.o(.text)
    EXTI4_IRQHandler                         0x080001bb   Thumb Code     0  startup_stm32f407xx.o(.text)
    EXTI9_5_IRQHandler                       0x080001bb   Thumb Code     0  startup_stm32f407xx.o(.text)
    FLASH_IRQHandler                         0x080001bb   Thumb Code     0  startup_stm32f407xx.o(.text)
    FMC_IRQHandler                           0x080001bb   Thumb Code     0  startup_stm32f407xx.o(.text)
    FPU_IRQHandler                           0x080001bb   Thumb Code     0  startup_stm32f407xx.o(.text)
    HASH_RNG_IRQHandler                      0x080001bb   Thumb Code     0  startup_stm32f407xx.o(.text)
    I2C1_ER_IRQHandler                       0x080001bb   Thumb Code     0  startup_stm32f407xx.o(.text)
    I2C1_EV_IRQHandler                       0x080001bb   Thumb Code     0  startup_stm32f407xx.o(.text)
    I2C2_ER_IRQHandler                       0x080001bb   Thumb Code     0  startup_stm32f407xx.o(.text)
    I2C2_EV_IRQHandler                       0x080001bb   Thumb Code     0  startup_stm32f407xx.o(.text)
    I2C3_ER_IRQHandler                       0x080001bb   Thumb Code     0  startup_stm32f407xx.o(.text)
    I2C3_EV_IRQHandler                       0x080001bb   Thumb Code     0  startup_stm32f407xx.o(.text)
    OTG_FS_IRQHandler                        0x080001bb   Thumb Code     0  startup_stm32f407xx.o(.text)
    OTG_FS_WKUP_IRQHandler                   0x080001bb   Thumb Code     0  startup_stm32f407xx.o(.text)
    OTG_HS_EP1_IN_IRQHandler                 0x080001bb   Thumb Code     0  startup_stm32f407xx.o(.text)
    OTG_HS_EP1_OUT_IRQHandler                0x080001bb   Thumb Code     0  startup_stm32f407xx.o(.text)
    OTG_HS_IRQHandler                        0x080001bb   Thumb Code     0  startup_stm32f407xx.o(.text)
    OTG_HS_WKUP_IRQHandler                   0x080001bb   Thumb Code     0  startup_stm32f407xx.o(.text)
    PVD_IRQHandler                           0x080001bb   Thumb Code     0  startup_stm32f407xx.o(.text)
    RCC_IRQHandler                           0x080001bb   Thumb Code     0  startup_stm32f407xx.o(.text)
    RTC_Alarm_IRQHandler                     0x080001bb   Thumb Code     0  startup_stm32f407xx.o(.text)
    RTC_WKUP_IRQHandler                      0x080001bb   Thumb Code     0  startup_stm32f407xx.o(.text)
    SDIO_IRQHandler                          0x080001bb   Thumb Code     0  startup_stm32f407xx.o(.text)
    SPI1_IRQHandler                          0x080001bb   Thumb Code     0  startup_stm32f407xx.o(.text)
    SPI2_IRQHandler                          0x080001bb   Thumb Code     0  startup_stm32f407xx.o(.text)
    SPI3_IRQHandler                          0x080001bb   Thumb Code     0  startup_stm32f407xx.o(.text)
    TAMP_STAMP_IRQHandler                    0x080001bb   Thumb Code     0  startup_stm32f407xx.o(.text)
    TIM1_BRK_TIM9_IRQHandler                 0x080001bb   Thumb Code     0  startup_stm32f407xx.o(.text)
    TIM1_CC_IRQHandler                       0x080001bb   Thumb Code     0  startup_stm32f407xx.o(.text)
    TIM1_TRG_COM_TIM11_IRQHandler            0x080001bb   Thumb Code     0  startup_stm32f407xx.o(.text)
    TIM1_UP_TIM10_IRQHandler                 0x080001bb   Thumb Code     0  startup_stm32f407xx.o(.text)
    TIM2_IRQHandler                          0x080001bb   Thumb Code     0  startup_stm32f407xx.o(.text)
    TIM3_IRQHandler                          0x080001bb   Thumb Code     0  startup_stm32f407xx.o(.text)
    TIM4_IRQHandler                          0x080001bb   Thumb Code     0  startup_stm32f407xx.o(.text)
    TIM5_IRQHandler                          0x080001bb   Thumb Code     0  startup_stm32f407xx.o(.text)
    TIM6_DAC_IRQHandler                      0x080001bb   Thumb Code     0  startup_stm32f407xx.o(.text)
    TIM7_IRQHandler                          0x080001bb   Thumb Code     0  startup_stm32f407xx.o(.text)
    TIM8_BRK_TIM12_IRQHandler                0x080001bb   Thumb Code     0  startup_stm32f407xx.o(.text)
    TIM8_CC_IRQHandler                       0x080001bb   Thumb Code     0  startup_stm32f407xx.o(.text)
    TIM8_TRG_COM_TIM14_IRQHandler            0x080001bb   Thumb Code     0  startup_stm32f407xx.o(.text)
    TIM8_UP_TIM13_IRQHandler                 0x080001bb   Thumb Code     0  startup_stm32f407xx.o(.text)
    UART4_IRQHandler                         0x080001bb   Thumb Code     0  startup_stm32f407xx.o(.text)
    UART5_IRQHandler                         0x080001bb   Thumb Code     0  startup_stm32f407xx.o(.text)
    USART2_IRQHandler                        0x080001bb   Thumb Code     0  startup_stm32f407xx.o(.text)
    USART6_IRQHandler                        0x080001bb   Thumb Code     0  startup_stm32f407xx.o(.text)
    WWDG_IRQHandler                          0x080001bb   Thumb Code     0  startup_stm32f407xx.o(.text)
    __aeabi_uldivmod                         0x080001c5   Thumb Code    98  uldiv.o(.text)
    __rt_ctype_table                         0x08000229   Thumb Code     4  ctype_o.o(.text)
    __aeabi_memcpy                           0x08000231   Thumb Code    36  memcpya.o(.text)
    __aeabi_memcpy4                          0x08000231   Thumb Code     0  memcpya.o(.text)
    __aeabi_memcpy8                          0x08000231   Thumb Code     0  memcpya.o(.text)
    __aeabi_memset                           0x08000255   Thumb Code    14  memseta.o(.text)
    __aeabi_memset4                          0x08000255   Thumb Code     0  memseta.o(.text)
    __aeabi_memset8                          0x08000255   Thumb Code     0  memseta.o(.text)
    __aeabi_memclr                           0x08000263   Thumb Code     4  memseta.o(.text)
    __aeabi_memclr4                          0x08000263   Thumb Code     0  memseta.o(.text)
    __aeabi_memclr8                          0x08000263   Thumb Code     0  memseta.o(.text)
    _memset$wrapper                          0x08000267   Thumb Code    18  memseta.o(.text)
    strlen                                   0x08000279   Thumb Code    14  strlen.o(.text)
    strtoul                                  0x08000287   Thumb Code   114  strtoul.o(.text)
    __aeabi_dmul                             0x080002f9   Thumb Code   228  dmul.o(.text)
    __aeabi_ddiv                             0x080003dd   Thumb Code   222  ddiv.o(.text)
    __aeabi_ui2d                             0x080004bb   Thumb Code    26  dfltui.o(.text)
    __aeabi_d2uiz                            0x080004d5   Thumb Code    50  dfixui.o(.text)
    __aeabi_f2d                              0x08000507   Thumb Code    38  f2d.o(.text)
    __aeabi_cdcmpeq                          0x0800052d   Thumb Code     0  cdcmple.o(.text)
    __aeabi_cdcmple                          0x0800052d   Thumb Code    48  cdcmple.o(.text)
    __aeabi_d2f                              0x0800055d   Thumb Code    56  d2f.o(.text)
    __aeabi_uidiv                            0x08000595   Thumb Code     0  uidiv.o(.text)
    __aeabi_uidivmod                         0x08000595   Thumb Code    44  uidiv.o(.text)
    __aeabi_llsl                             0x080005c1   Thumb Code    30  llshl.o(.text)
    _ll_shift_l                              0x080005c1   Thumb Code     0  llshl.o(.text)
    __aeabi_llsr                             0x080005df   Thumb Code    32  llushr.o(.text)
    _ll_ushift_r                             0x080005df   Thumb Code     0  llushr.o(.text)
    _strtoul                                 0x080005ff   Thumb Code   158  _strtoul.o(.text)
    __I$use$fp                               0x0800069d   Thumb Code     0  iusefp.o(.text)
    _float_round                             0x0800069d   Thumb Code    18  fepilogue.o(.text)
    _float_epilogue                          0x080006af   Thumb Code    92  fepilogue.o(.text)
    _double_round                            0x0800070b   Thumb Code    30  depilogue.o(.text)
    _double_epilogue                         0x08000729   Thumb Code   156  depilogue.o(.text)
    __aeabi_dadd                             0x080007c5   Thumb Code   322  dadd.o(.text)
    __aeabi_dsub                             0x08000907   Thumb Code     6  dadd.o(.text)
    __aeabi_drsub                            0x0800090d   Thumb Code     6  dadd.o(.text)
    __aeabi_d2ulz                            0x08000913   Thumb Code    48  dfixul.o(.text)
    __aeabi_cdrcmple                         0x08000945   Thumb Code    48  cdrcmple.o(.text)
    __scatterload                            0x08000975   Thumb Code    28  init.o(.text)
    __scatterload_rt2                        0x08000975   Thumb Code     0  init.o(.text)
    __aeabi_lasr                             0x08000999   Thumb Code    36  llsshr.o(.text)
    _ll_sshift_r                             0x08000999   Thumb Code     0  llsshr.o(.text)
    _chval                                   0x080009bd   Thumb Code    28  _chval.o(.text)
    __decompress                             0x080009d9   Thumb Code     0  __dczerorl.o(.text)
    __decompress0                            0x080009d9   Thumb Code    58  __dczerorl.o(.text)
    arm_bitreversal_32                       0x08000a15   Thumb Code    68  arm_bitreversal2.o(.text.arm_bitreversal_32)
    arm_cfft_f32                             0x08000a59   Thumb Code   224  arm_cfft_f32.o(.text.arm_cfft_f32)
    arm_cfft_init_f32                        0x08000b39   Thumb Code   180  arm_cfft_init_f32.o(.text.arm_cfft_init_f32)
    arm_cfft_radix8by2_f32                   0x08000bed   Thumb Code   408  arm_cfft_f32.o(.text.arm_cfft_radix8by2_f32)
    arm_cfft_radix8by4_f32                   0x08000d85   Thumb Code  1020  arm_cfft_f32.o(.text.arm_cfft_radix8by4_f32)
    arm_cos_f32                              0x08001181   Thumb Code   152  arm_cos_f32.o(.text.arm_cos_f32)
    arm_radix8_butterfly_f32                 0x08001219   Thumb Code  1458  arm_cfft_radix8_f32.o(.text.arm_radix8_butterfly_f32)
    arm_rfft_fast_f32                        0x0800190d   Thumb Code    70  arm_rfft_fast_f32.o(.text.arm_rfft_fast_f32)
    arm_rfft_fast_init_f32                   0x08001953   Thumb Code   144  arm_rfft_fast_init_f32.o(.text.arm_rfft_fast_init_f32)
    arm_sin_f32                              0x080019e5   Thumb Code   144  arm_sin_f32.o(.text.arm_sin_f32)
    merge_rfft_f32                           0x08001a75   Thumb Code   180  arm_rfft_fast_f32.o(.text.merge_rfft_f32)
    stage_rfft_f32                           0x08001b29   Thumb Code   180  arm_rfft_fast_f32.o(.text.stage_rfft_f32)
    AD9833_1_Config                          0x08001bdd   Thumb Code   112  bsp_ad9833.o(i.AD9833_1_Config)
    AD9833_1_GPIO_Init                       0x08001c5d   Thumb Code    72  bsp_ad9833.o(i.AD9833_1_GPIO_Init)
    AD9833_1_Reset                           0x08001cad   Thumb Code    18  bsp_ad9833.o(i.AD9833_1_Reset)
    AD9833_1_SPI_Write                       0x08001cc1   Thumb Code   168  bsp_ad9833.o(i.AD9833_1_SPI_Write)
    AD9833_1_SetRegisterValue                0x08001d6d   Thumb Code    34  bsp_ad9833.o(i.AD9833_1_SetRegisterValue)
    AD9833_2_Config                          0x08001d95   Thumb Code   112  bsp_ad9833.o(i.AD9833_2_Config)
    AD9833_2_GPIO_Init                       0x08001e15   Thumb Code    72  bsp_ad9833.o(i.AD9833_2_GPIO_Init)
    AD9833_2_Reset                           0x08001e65   Thumb Code    18  bsp_ad9833.o(i.AD9833_2_Reset)
    AD9833_2_SPI_Write                       0x08001e79   Thumb Code   168  bsp_ad9833.o(i.AD9833_2_SPI_Write)
    AD9833_2_SetRegisterValue                0x08001f25   Thumb Code    34  bsp_ad9833.o(i.AD9833_2_SetRegisterValue)
    BusFault_Handler                         0x080021a9   Thumb Code     4  stm32f4xx_it.o(i.BusFault_Handler)
    Calibration_Frequency                    0x080021ad   Thumb Code  1422  data_process.o(i.Calibration_Frequency)
    DDS_Output                               0x08002745   Thumb Code   216  data_process.o(i.DDS_Output)
    DMA1_Stream1_IRQHandler                  0x08002831   Thumb Code    10  stm32f4xx_it.o(i.DMA1_Stream1_IRQHandler)
    DMA1_Stream3_IRQHandler                  0x08002841   Thumb Code    10  stm32f4xx_it.o(i.DMA1_Stream3_IRQHandler)
    DMA2_Stream0_IRQHandler                  0x08002851   Thumb Code    10  stm32f4xx_it.o(i.DMA2_Stream0_IRQHandler)
    DMA2_Stream1_IRQHandler                  0x08002861   Thumb Code    10  stm32f4xx_it.o(i.DMA2_Stream1_IRQHandler)
    DMA2_Stream2_IRQHandler                  0x08002871   Thumb Code    10  stm32f4xx_it.o(i.DMA2_Stream2_IRQHandler)
    DWT_Delay_us                             0x0800298d   Thumb Code    34  bsp_x9cxxx.o(i.DWT_Delay_us)
    Data_Process                             0x080029bd   Thumb Code   204  data_process.o(i.Data_Process)
    DebugMon_Handler                         0x08002aad   Thumb Code     2  stm32f4xx_it.o(i.DebugMon_Handler)
    Detect_KeyPress                          0x08002b7d   Thumb Code    58  key.o(i.Detect_KeyPress)
    Error_Handler                            0x08002bc9   Thumb Code     6  main.o(i.Error_Handler)
    FSMC_NORSRAM_Extended_Timing_Init        0x08002bd1   Thumb Code   256  stm32f4xx_ll_fsmc.o(i.FSMC_NORSRAM_Extended_Timing_Init)
    FSMC_NORSRAM_Init                        0x08002d11   Thumb Code   490  stm32f4xx_ll_fsmc.o(i.FSMC_NORSRAM_Init)
    FSMC_NORSRAM_Timing_Init                 0x08002f39   Thumb Code   270  stm32f4xx_ll_fsmc.o(i.FSMC_NORSRAM_Timing_Init)
    HAL_ADCEx_InjectedConfigChannel          0x08003081   Thumb Code   966  stm32f4xx_hal_adc_ex.o(i.HAL_ADCEx_InjectedConfigChannel)
    HAL_ADC_ConfigChannel                    0x08003491   Thumb Code   480  stm32f4xx_hal_adc.o(i.HAL_ADC_ConfigChannel)
    HAL_ADC_ConvCpltCallback                 0x080036b9   Thumb Code    48  adc.o(i.HAL_ADC_ConvCpltCallback)
    HAL_ADC_ConvHalfCpltCallback             0x08003701   Thumb Code     2  stm32f4xx_hal_adc.o(i.HAL_ADC_ConvHalfCpltCallback)
    HAL_ADC_ErrorCallback                    0x08003703   Thumb Code     2  stm32f4xx_hal_adc.o(i.HAL_ADC_ErrorCallback)
    HAL_ADC_Init                             0x08003705   Thumb Code   572  stm32f4xx_hal_adc.o(i.HAL_ADC_Init)
    HAL_ADC_MspInit                          0x08003989   Thumb Code   550  adc.o(i.HAL_ADC_MspInit)
    HAL_ADC_Start_DMA                        0x08003bd9   Thumb Code   468  stm32f4xx_hal_adc.o(i.HAL_ADC_Start_DMA)
    HAL_ADC_Stop_DMA                         0x08003e09   Thumb Code   164  stm32f4xx_hal_adc.o(i.HAL_ADC_Stop_DMA)
    HAL_DMA_Abort                            0x08003ef1   Thumb Code   172  stm32f4xx_hal_dma.o(i.HAL_DMA_Abort)
    HAL_DMA_Abort_IT                         0x08003f9d   Thumb Code    40  stm32f4xx_hal_dma.o(i.HAL_DMA_Abort_IT)
    HAL_DMA_IRQHandler                       0x08003fc5   Thumb Code   570  stm32f4xx_hal_dma.o(i.HAL_DMA_IRQHandler)
    HAL_DMA_Init                             0x08004205   Thumb Code   792  stm32f4xx_hal_dma.o(i.HAL_DMA_Init)
    HAL_DMA_Start_IT                         0x08004561   Thumb Code   166  stm32f4xx_hal_dma.o(i.HAL_DMA_Start_IT)
    HAL_Delay                                0x08004641   Thumb Code    36  stm32f4xx_hal.o(i.HAL_Delay)
    HAL_GPIO_Init                            0x08004739   Thumb Code   938  stm32f4xx_hal_gpio.o(i.HAL_GPIO_Init)
    HAL_GPIO_ReadPin                         0x08004b51   Thumb Code    44  stm32f4xx_hal_gpio.o(i.HAL_GPIO_ReadPin)
    HAL_GPIO_WritePin                        0x08004bb9   Thumb Code    60  stm32f4xx_hal_gpio.o(i.HAL_GPIO_WritePin)
    HAL_GetTick                              0x08004c31   Thumb Code     6  stm32f4xx_hal.o(i.HAL_GetTick)
    HAL_IncTick                              0x08004c3d   Thumb Code    16  stm32f4xx_hal.o(i.HAL_IncTick)
    HAL_Init                                 0x08004c55   Thumb Code    54  stm32f4xx_hal.o(i.HAL_Init)
    HAL_InitTick                             0x08004c91   Thumb Code    64  stm32f4xx_hal.o(i.HAL_InitTick)
    HAL_MspInit                              0x08004cdd   Thumb Code    68  stm32f4xx_hal_msp.o(i.HAL_MspInit)
    HAL_NVIC_EnableIRQ                       0x08004d25   Thumb Code    56  stm32f4xx_hal_cortex.o(i.HAL_NVIC_EnableIRQ)
    HAL_NVIC_SetPriority                     0x08004d99   Thumb Code   152  stm32f4xx_hal_cortex.o(i.HAL_NVIC_SetPriority)
    HAL_NVIC_SetPriorityGrouping             0x08004e6d   Thumb Code    66  stm32f4xx_hal_cortex.o(i.HAL_NVIC_SetPriorityGrouping)
    HAL_RCC_ClockConfig                      0x08004ef5   Thumb Code   628  stm32f4xx_hal_rcc.o(i.HAL_RCC_ClockConfig)
    HAL_RCC_GetHCLKFreq                      0x080051b5   Thumb Code     6  stm32f4xx_hal_rcc.o(i.HAL_RCC_GetHCLKFreq)
    HAL_RCC_GetPCLK1Freq                     0x080051c1   Thumb Code    22  stm32f4xx_hal_rcc.o(i.HAL_RCC_GetPCLK1Freq)
    HAL_RCC_GetPCLK2Freq                     0x080051e1   Thumb Code    22  stm32f4xx_hal_rcc.o(i.HAL_RCC_GetPCLK2Freq)
    HAL_RCC_GetSysClockFreq                  0x08005201   Thumb Code   162  stm32f4xx_hal_rcc.o(i.HAL_RCC_GetSysClockFreq)
    HAL_RCC_OscConfig                        0x080052b1   Thumb Code  1550  stm32f4xx_hal_rcc.o(i.HAL_RCC_OscConfig)
    HAL_SRAM_Init                            0x080058c9   Thumb Code    94  stm32f4xx_hal_sram.o(i.HAL_SRAM_Init)
    HAL_SRAM_MspInit                         0x08005927   Thumb Code    10  fsmc.o(i.HAL_SRAM_MspInit)
    HAL_SYSTICK_Config                       0x08005931   Thumb Code    52  stm32f4xx_hal_cortex.o(i.HAL_SYSTICK_Config)
    HAL_TIMEx_MasterConfigSynchronization    0x08005965   Thumb Code   310  stm32f4xx_hal_tim_ex.o(i.HAL_TIMEx_MasterConfigSynchronization)
    HAL_TIM_Base_Init                        0x08005afd   Thumb Code   388  stm32f4xx_hal_tim.o(i.HAL_TIM_Base_Init)
    HAL_TIM_Base_MspInit                     0x08005ced   Thumb Code    88  tim.o(i.HAL_TIM_Base_MspInit)
    HAL_TIM_Base_Start                       0x08005d4d   Thumb Code   252  stm32f4xx_hal_tim.o(i.HAL_TIM_Base_Start)
    HAL_TIM_Base_Stop                        0x08005eb5   Thumb Code   176  stm32f4xx_hal_tim.o(i.HAL_TIM_Base_Stop)
    HAL_TIM_ConfigClockSource                0x08005fd1   Thumb Code  1404  stm32f4xx_hal_tim.o(i.HAL_TIM_ConfigClockSource)
    HAL_UARTEx_ReceiveToIdle_DMA             0x08006569   Thumb Code   112  stm32f4xx_hal_uart.o(i.HAL_UARTEx_ReceiveToIdle_DMA)
    HAL_UARTEx_RxEventCallback               0x080065d9   Thumb Code    80  usart.o(i.HAL_UARTEx_RxEventCallback)
    HAL_UART_ErrorCallback                   0x08006641   Thumb Code     2  stm32f4xx_hal_uart.o(i.HAL_UART_ErrorCallback)
    HAL_UART_IRQHandler                      0x08006645   Thumb Code   772  stm32f4xx_hal_uart.o(i.HAL_UART_IRQHandler)
    HAL_UART_Init                            0x0800694d   Thumb Code   310  stm32f4xx_hal_uart.o(i.HAL_UART_Init)
    HAL_UART_MspInit                         0x08006ad9   Thumb Code   388  usart.o(i.HAL_UART_MspInit)
    HAL_UART_RxCpltCallback                  0x08006c7d   Thumb Code     2  stm32f4xx_hal_uart.o(i.HAL_UART_RxCpltCallback)
    HAL_UART_RxHalfCpltCallback              0x08006c7f   Thumb Code     2  stm32f4xx_hal_uart.o(i.HAL_UART_RxHalfCpltCallback)
    HAL_UART_Transmit                        0x08006c81   Thumb Code   190  stm32f4xx_hal_uart.o(i.HAL_UART_Transmit)
    HAL_UART_Transmit_DMA                    0x08006d41   Thumb Code   144  stm32f4xx_hal_uart.o(i.HAL_UART_Transmit_DMA)
    HAL_UART_TxCpltCallback                  0x08006ddd   Thumb Code     2  stm32f4xx_hal_uart.o(i.HAL_UART_TxCpltCallback)
    HAL_UART_TxHalfCpltCallback              0x08006ddf   Thumb Code     2  stm32f4xx_hal_uart.o(i.HAL_UART_TxHalfCpltCallback)
    HardFault_Handler                        0x08006de1   Thumb Code     4  stm32f4xx_it.o(i.HardFault_Handler)
    LCD_Clear                                0x08006de5   Thumb Code   100  lcd.o(i.LCD_Clear)
    LCD_Display_Dir                          0x08006e51   Thumb Code   364  lcd.o(i.LCD_Display_Dir)
    LCD_Display_Title_Center                 0x08006fc1   Thumb Code    92  data_process.o(i.LCD_Display_Title_Center)
    LCD_Fast_DrawPoint                       0x08007025   Thumb Code   280  lcd.o(i.LCD_Fast_DrawPoint)
    LCD_Init                                 0x08007145   Thumb Code 14178  lcd.o(i.LCD_Init)
    LCD_RD_DATA                              0x0800a8ad   Thumb Code    14  lcd.o(i.LCD_RD_DATA)
    LCD_ReadReg                              0x0800a8c1   Thumb Code    22  lcd.o(i.LCD_ReadReg)
    LCD_Scan_Dir                             0x0800a8d9   Thumb Code   726  lcd.o(i.LCD_Scan_Dir)
    LCD_SetCursor                            0x0800abb5   Thumb Code   262  lcd.o(i.LCD_SetCursor)
    LCD_ShowChar                             0x0800acc1   Thumb Code   272  lcd.o(i.LCD_ShowChar)
    LCD_ShowString                           0x0800ade9   Thumb Code   102  lcd.o(i.LCD_ShowString)
    LCD_WR_DATA                              0x0800ae51   Thumb Code    18  lcd.o(i.LCD_WR_DATA)
    LCD_WR_REG                               0x0800ae69   Thumb Code    18  lcd.o(i.LCD_WR_REG)
    LCD_WriteRAM_Prepare                     0x0800ae81   Thumb Code    10  lcd.o(i.LCD_WriteRAM_Prepare)
    LCD_WriteReg                             0x0800ae95   Thumb Code    24  lcd.o(i.LCD_WriteReg)
    MX_ADC1_Init                             0x0800aeb1   Thumb Code   174  adc.o(i.MX_ADC1_Init)
    MX_ADC2_Init                             0x0800af71   Thumb Code   146  adc.o(i.MX_ADC2_Init)
    MX_ADC3_Init                             0x0800b011   Thumb Code   146  adc.o(i.MX_ADC3_Init)
    MX_DMA_Init                              0x0800b0b1   Thumb Code   146  dma.o(i.MX_DMA_Init)
    MX_FSMC_Init                             0x0800b149   Thumb Code   114  fsmc.o(i.MX_FSMC_Init)
    MX_GPIO_Init                             0x0800b1c5   Thumb Code   550  gpio.o(i.MX_GPIO_Init)
    MX_TIM2_Init                             0x0800b40d   Thumb Code   104  tim.o(i.MX_TIM2_Init)
    MX_TIM8_Init                             0x0800b479   Thumb Code   104  tim.o(i.MX_TIM8_Init)
    MX_USART1_UART_Init                      0x0800b4e9   Thumb Code    46  usart.o(i.MX_USART1_UART_Init)
    MX_USART3_UART_Init                      0x0800b521   Thumb Code    72  usart.o(i.MX_USART3_UART_Init)
    MemManage_Handler                        0x0800b579   Thumb Code     4  stm32f4xx_it.o(i.MemManage_Handler)
    NMI_Handler                              0x0800b57d   Thumb Code     4  stm32f4xx_it.o(i.NMI_Handler)
    PendSV_Handler                           0x0800b581   Thumb Code     2  stm32f4xx_it.o(i.PendSV_Handler)
    SVC_Handler                              0x0800b583   Thumb Code     2  stm32f4xx_it.o(i.SVC_Handler)
    Signal_Info_Display                      0x0800b585   Thumb Code   236  data_process.o(i.Signal_Info_Display)
    SysTick_Handler                          0x0800b6b5   Thumb Code     8  stm32f4xx_it.o(i.SysTick_Handler)
    SystemClock_Config                       0x0800b6bd   Thumb Code   170  main.o(i.SystemClock_Config)
    SystemInit                               0x0800b771   Thumb Code    14  system_stm32f4xx.o(i.SystemInit)
    TIM_Base_SetConfig                       0x0800b785   Thumb Code   178  stm32f4xx_hal_tim.o(i.TIM_Base_SetConfig)
    TIM_ETR_SetConfig                        0x0800b865   Thumb Code    22  stm32f4xx_hal_tim.o(i.TIM_ETR_SetConfig)
    UART_Start_Receive_DMA                   0x0800bf09   Thumb Code   202  stm32f4xx_hal_uart.o(i.UART_Start_Receive_DMA)
    USART1_IRQHandler                        0x0800c0cd   Thumb Code    10  stm32f4xx_it.o(i.USART1_IRQHandler)
    USART3_IRQHandler                        0x0800c0dd   Thumb Code    10  stm32f4xx_it.o(i.USART3_IRQHandler)
    UsageFault_Handler                       0x0800c0ed   Thumb Code     4  stm32f4xx_it.o(i.UsageFault_Handler)
    X9C103_SetResistance                     0x0800c0f1   Thumb Code    88  bsp_x9cxxx.o(i.X9C103_SetResistance)
    X9C503_SetResistance                     0x0800c155   Thumb Code    88  bsp_x9cxxx.o(i.X9C503_SetResistance)
    X9C_Deselect                             0x0800c1b9   Thumb Code    14  bsp_x9cxxx.o(i.X9C_Deselect)
    X9C_IncPulse                             0x0800c1cd   Thumb Code    36  bsp_x9cxxx.o(i.X9C_IncPulse)
    X9C_Init                                 0x0800c1f5   Thumb Code    84  bsp_x9cxxx.o(i.X9C_Init)
    X9C_Select                               0x0800c251   Thumb Code    14  bsp_x9cxxx.o(i.X9C_Select)
    X9C_SetDirection                         0x0800c265   Thumb Code    30  bsp_x9cxxx.o(i.X9C_SetDirection)
    X9C_SetPos                               0x0800c289   Thumb Code    88  bsp_x9cxxx.o(i.X9C_SetPos)
    __0printf                                0x0800c2e5   Thumb Code    22  printfa.o(i.__0printf)
    __1printf                                0x0800c2e5   Thumb Code     0  printfa.o(i.__0printf)
    __2printf                                0x0800c2e5   Thumb Code     0  printfa.o(i.__0printf)
    __c89printf                              0x0800c2e5   Thumb Code     0  printfa.o(i.__0printf)
    printf                                   0x0800c2e5   Thumb Code     0  printfa.o(i.__0printf)
    __0sprintf                               0x0800c305   Thumb Code    34  printfa.o(i.__0sprintf)
    __1sprintf                               0x0800c305   Thumb Code     0  printfa.o(i.__0sprintf)
    __2sprintf                               0x0800c305   Thumb Code     0  printfa.o(i.__0sprintf)
    __c89sprintf                             0x0800c305   Thumb Code     0  printfa.o(i.__0sprintf)
    sprintf                                  0x0800c305   Thumb Code     0  printfa.o(i.__0sprintf)
    __ARM_fpclassifyf                        0x0800c32d   Thumb Code    38  fpclassifyf.o(i.__ARM_fpclassifyf)
    __aeabi_errno_addr                       0x0800c38d   Thumb Code     4  errno.o(i.__aeabi_errno_addr)
    __rt_errno_addr                          0x0800c38d   Thumb Code     0  errno.o(i.__aeabi_errno_addr)
    __hardfp_atan2f                          0x0800c395   Thumb Code   594  atan2f.o(i.__hardfp_atan2f)
    __hardfp_cosf                            0x0800c641   Thumb Code   280  cosf.o(i.__hardfp_cosf)
    __hardfp_sqrtf                           0x0800c791   Thumb Code    58  sqrtf.o(i.__hardfp_sqrtf)
    __mathlib_flt_infnan                     0x0800c7cb   Thumb Code     6  funder.o(i.__mathlib_flt_infnan)
    __mathlib_flt_infnan2                    0x0800c7d1   Thumb Code     6  funder.o(i.__mathlib_flt_infnan2)
    __mathlib_flt_invalid                    0x0800c7d9   Thumb Code    10  funder.o(i.__mathlib_flt_invalid)
    __mathlib_flt_underflow                  0x0800c7e9   Thumb Code    10  funder.o(i.__mathlib_flt_underflow)
    __mathlib_rredf2                         0x0800c7f9   Thumb Code   316  rredf.o(i.__mathlib_rredf2)
    __scatterload_copy                       0x0800c94d   Thumb Code    14  handlers.o(i.__scatterload_copy)
    __scatterload_null                       0x0800c95b   Thumb Code     2  handlers.o(i.__scatterload_null)
    __scatterload_zeroinit                   0x0800c95d   Thumb Code    14  handlers.o(i.__scatterload_zeroinit)
    __set_errno                              0x0800c96d   Thumb Code     6  errno.o(i.__set_errno)
    adc_zero_bias                            0x0800d20d   Thumb Code    98  fft_hp_estimate.o(i.adc_zero_bias)
    analyse_two_signals                      0x0800d279   Thumb Code  1476  data_process.o(i.analyse_two_signals)
    assert_failed                            0x0800d83d   Thumb Code     2  main.o(i.assert_failed)
    config_digital_potentiometer             0x0800d841   Thumb Code    50  data_process.o(i.config_digital_potentiometer)
    fft_top2_hann_zero_interp                0x0800d879   Thumb Code   428  fft_hp_estimate.o(i.fft_top2_hann_zero_interp)
    fft_top5_hann_zero_nointp                0x0800da41   Thumb Code   374  fft_hp_estimate.o(i.fft_top5_hann_zero_nointp)
    find_zero_crossings                      0x0800dc19   Thumb Code   130  data_process.o(i.find_zero_crossings)
    fputc                                    0x0800dc9d   Thumb Code    28  usart.o(i.fputc)
    get_message                              0x0800dcbd   Thumb Code    94  data_process.o(i.get_message)
    goertzel_init_fomega                     0x0800dd1d   Thumb Code    98  goertzel.o(i.goertzel_init_fomega)
    goertzel_process_f32omega                0x0800dd85   Thumb Code   188  goertzel.o(i.goertzel_process_f32omega)
    main                                     0x0800def9   Thumb Code   186  main.o(i.main)
    AHBPrescTable                            0x0800e008   Data          16  system_stm32f4xx.o(.constdata)
    APBPrescTable                            0x0800e018   Data           8  system_stm32f4xx.o(.constdata)
    asc2_1206                                0x0800e02d   Data        1140  lcd.o(.constdata)
    asc2_1608                                0x0800e4a1   Data        1520  lcd.o(.constdata)
    asc2_2412                                0x0800ea91   Data        3420  lcd.o(.constdata)
    __ctype_table                            0x0800f818   Data         129  ctype_o.o(.constdata)
    armBitRevIndexTable1024                  0x0800f90e   Data        3600  arm_common_tables.o(.rodata.armBitRevIndexTable1024)
    armBitRevIndexTable128                   0x0801071e   Data         416  arm_common_tables.o(.rodata.armBitRevIndexTable128)
    armBitRevIndexTable16                    0x080108be   Data          40  arm_common_tables.o(.rodata.armBitRevIndexTable16)
    armBitRevIndexTable2048                  0x080108e6   Data        7616  arm_common_tables.o(.rodata.armBitRevIndexTable2048)
    armBitRevIndexTable256                   0x080126a6   Data         880  arm_common_tables.o(.rodata.armBitRevIndexTable256)
    armBitRevIndexTable32                    0x08012a16   Data          96  arm_common_tables.o(.rodata.armBitRevIndexTable32)
    armBitRevIndexTable4096                  0x08012a76   Data        8064  arm_common_tables.o(.rodata.armBitRevIndexTable4096)
    armBitRevIndexTable512                   0x080149f6   Data         896  arm_common_tables.o(.rodata.armBitRevIndexTable512)
    armBitRevIndexTable64                    0x08014d76   Data         112  arm_common_tables.o(.rodata.armBitRevIndexTable64)
    arm_cfft_sR_f32_len1024                  0x08014de8   Data          16  arm_const_structs.o(.rodata.arm_cfft_sR_f32_len1024)
    arm_cfft_sR_f32_len128                   0x08014df8   Data          16  arm_const_structs.o(.rodata.arm_cfft_sR_f32_len128)
    arm_cfft_sR_f32_len16                    0x08014e08   Data          16  arm_const_structs.o(.rodata.arm_cfft_sR_f32_len16)
    arm_cfft_sR_f32_len2048                  0x08014e18   Data          16  arm_const_structs.o(.rodata.arm_cfft_sR_f32_len2048)
    arm_cfft_sR_f32_len256                   0x08014e28   Data          16  arm_const_structs.o(.rodata.arm_cfft_sR_f32_len256)
    arm_cfft_sR_f32_len32                    0x08014e38   Data          16  arm_const_structs.o(.rodata.arm_cfft_sR_f32_len32)
    arm_cfft_sR_f32_len4096                  0x08014e48   Data          16  arm_const_structs.o(.rodata.arm_cfft_sR_f32_len4096)
    arm_cfft_sR_f32_len512                   0x08014e58   Data          16  arm_const_structs.o(.rodata.arm_cfft_sR_f32_len512)
    arm_cfft_sR_f32_len64                    0x08014e68   Data          16  arm_const_structs.o(.rodata.arm_cfft_sR_f32_len64)
    sinTable_f32                             0x08014e78   Data        2052  arm_common_tables.o(.rodata.sinTable_f32)
    twiddleCoef_1024                         0x0801567c   Data        8192  arm_common_tables.o(.rodata.twiddleCoef_1024)
    twiddleCoef_128                          0x0801767c   Data        1024  arm_common_tables.o(.rodata.twiddleCoef_128)
    twiddleCoef_16                           0x08017a7c   Data         128  arm_common_tables.o(.rodata.twiddleCoef_16)
    twiddleCoef_2048                         0x08017afc   Data       16384  arm_common_tables.o(.rodata.twiddleCoef_2048)
    twiddleCoef_256                          0x0801bafc   Data        2048  arm_common_tables.o(.rodata.twiddleCoef_256)
    twiddleCoef_32                           0x0801c2fc   Data         256  arm_common_tables.o(.rodata.twiddleCoef_32)
    twiddleCoef_4096                         0x0801c3fc   Data       32768  arm_common_tables.o(.rodata.twiddleCoef_4096)
    twiddleCoef_512                          0x080243fc   Data        4096  arm_common_tables.o(.rodata.twiddleCoef_512)
    twiddleCoef_64                           0x080253fc   Data         512  arm_common_tables.o(.rodata.twiddleCoef_64)
    twiddleCoef_rfft_1024                    0x080255fc   Data        4096  arm_common_tables.o(.rodata.twiddleCoef_rfft_1024)
    twiddleCoef_rfft_128                     0x080265fc   Data         512  arm_common_tables.o(.rodata.twiddleCoef_rfft_128)
    twiddleCoef_rfft_2048                    0x080267fc   Data        8192  arm_common_tables.o(.rodata.twiddleCoef_rfft_2048)
    twiddleCoef_rfft_256                     0x080287fc   Data        1024  arm_common_tables.o(.rodata.twiddleCoef_rfft_256)
    twiddleCoef_rfft_32                      0x08028bfc   Data         128  arm_common_tables.o(.rodata.twiddleCoef_rfft_32)
    twiddleCoef_rfft_4096                    0x08028c7c   Data       16384  arm_common_tables.o(.rodata.twiddleCoef_rfft_4096)
    twiddleCoef_rfft_512                     0x0802cc7c   Data        2048  arm_common_tables.o(.rodata.twiddleCoef_rfft_512)
    twiddleCoef_rfft_64                      0x0802d47c   Data         256  arm_common_tables.o(.rodata.twiddleCoef_rfft_64)
    Region$$Table$$Base                      0x0802d57c   Number         0  anon$$obj.o(Region$$Table)
    Region$$Table$$Limit                     0x0802d59c   Number         0  anon$$obj.o(Region$$Table)
    adc_buffer                               0x20000000   Data        4096  adc.o(.bss)
    output_ready                             0x20001000   Data           2  main.o(.data)
    ADC_BufferReadyFlag                      0x20001002   Data           1  adc.o(.data)
    calibration_buffer_A_ready               0x20001003   Data           1  adc.o(.data)
    calibration_buffer_B_ready               0x20001004   Data           1  adc.o(.data)
    g_phase_deg                              0x20001010   Data           2  usart.o(.data)
    g_phase_valid                            0x20001012   Data           1  usart.o(.data)
    uwTick                                   0x20001014   Data           4  stm32f4xx_hal.o(.data)
    uwTickPrio                               0x20001018   Data           4  stm32f4xx_hal.o(.data)
    uwTickFreq                               0x2000101c   Data           1  stm32f4xx_hal.o(.data)
    SystemCoreClock                          0x20001020   Data           4  system_stm32f4xx.o(.data)
    POINT_COLOR                              0x20001024   Data           2  lcd.o(.data)
    BACK_COLOR                               0x20001026   Data           2  lcd.o(.data)
    signal_decomposition_flag                0x20001028   Data           1  key.o(.data)
    sig1                                     0x20001034   Data           8  data_process.o(.data)
    sig2                                     0x2000103c   Data           8  data_process.o(.data)
    FTW1_cur                                 0x20001044   Data           4  data_process.o(.data)
    FTW2_cur                                 0x20001048   Data           4  data_process.o(.data)
    __stdout                                 0x20001054   Data           4  stdout.o(.data)
    calibration_buffer_A                     0x2000105c   Data        4000  adc.o(.bss)
    calibration_buffer_B                     0x20001ffc   Data        4000  adc.o(.bss)
    hadc1                                    0x20002f9c   Data          72  adc.o(.bss)
    hadc2                                    0x20002fe4   Data          72  adc.o(.bss)
    hadc3                                    0x2000302c   Data          72  adc.o(.bss)
    hdma_adc1                                0x20003074   Data          96  adc.o(.bss)
    hdma_adc2                                0x200030d4   Data          96  adc.o(.bss)
    hdma_adc3                                0x20003134   Data          96  adc.o(.bss)
    hsram1                                   0x20003194   Data          80  fsmc.o(.bss)
    htim2                                    0x200031e4   Data          72  tim.o(.bss)
    htim8                                    0x2000322c   Data          72  tim.o(.bss)
    rxBuffer                                 0x20003274   Data          50  usart.o(.bss)
    huart1                                   0x200032a8   Data          72  usart.o(.bss)
    huart3                                   0x200032f0   Data          72  usart.o(.bss)
    hdma_usart3_rx                           0x20003338   Data          96  usart.o(.bss)
    hdma_usart3_tx                           0x20003398   Data          96  usart.o(.bss)
    lcddev                                   0x200033f8   Data          14  lcd.o(.bss)
    __initial_sp                             0x200116a0   Data           0  startup_stm32f407xx.o(STACK)



==============================================================================

Memory Map of the image

  Image Entry point : 0x08000189

  Load Region LR_IROM1 (Base: 0x08000000, Size: 0x0002e5f8, Max: 0x00100000, ABSOLUTE, COMPRESSED[0x0002d5cc])

    Execution Region ER_IROM1 (Exec base: 0x08000000, Load base: 0x08000000, Size: 0x0002d59c, Max: 0x00100000, ABSOLUTE)

    Exec Addr    Load Addr    Size         Type   Attr      Idx    E Section Name        Object

    0x08000000   0x08000000   0x00000188   Data   RO            3    RESET               startup_stm32f407xx.o
    0x08000188   0x08000188   0x00000000   Code   RO         4881  * .ARM.Collect$$$$00000000  mc_w.l(entry.o)
    0x08000188   0x08000188   0x00000004   Code   RO         5218    .ARM.Collect$$$$00000001  mc_w.l(entry2.o)
    0x0800018c   0x0800018c   0x00000004   Code   RO         5221    .ARM.Collect$$$$00000004  mc_w.l(entry5.o)
    0x08000190   0x08000190   0x00000000   Code   RO         5223    .ARM.Collect$$$$00000008  mc_w.l(entry7b.o)
    0x08000190   0x08000190   0x00000000   Code   RO         5225    .ARM.Collect$$$$0000000A  mc_w.l(entry8b.o)
    0x08000190   0x08000190   0x00000008   Code   RO         5226    .ARM.Collect$$$$0000000B  mc_w.l(entry9a.o)
    0x08000198   0x08000198   0x00000004   Code   RO         5233    .ARM.Collect$$$$0000000E  mc_w.l(entry12b.o)
    0x0800019c   0x0800019c   0x00000000   Code   RO         5228    .ARM.Collect$$$$0000000F  mc_w.l(entry10a.o)
    0x0800019c   0x0800019c   0x00000000   Code   RO         5230    .ARM.Collect$$$$00000011  mc_w.l(entry11a.o)
    0x0800019c   0x0800019c   0x00000004   Code   RO         5219    .ARM.Collect$$$$00002712  mc_w.l(entry2.o)
    0x080001a0   0x080001a0   0x00000024   Code   RO            4    .text               startup_stm32f407xx.o
    0x080001c4   0x080001c4   0x00000062   Code   RO         4884    .text               mc_w.l(uldiv.o)
    0x08000226   0x08000226   0x00000002   PAD
    0x08000228   0x08000228   0x00000008   Code   RO         4886    .text               mc_w.l(ctype_o.o)
    0x08000230   0x08000230   0x00000024   Code   RO         4914    .text               mc_w.l(memcpya.o)
    0x08000254   0x08000254   0x00000024   Code   RO         4916    .text               mc_w.l(memseta.o)
    0x08000278   0x08000278   0x0000000e   Code   RO         4918    .text               mc_w.l(strlen.o)
    0x08000286   0x08000286   0x00000072   Code   RO         5183    .text               mc_w.l(strtoul.o)
    0x080002f8   0x080002f8   0x000000e4   Code   RO         5185    .text               mf_w.l(dmul.o)
    0x080003dc   0x080003dc   0x000000de   Code   RO         5187    .text               mf_w.l(ddiv.o)
    0x080004ba   0x080004ba   0x0000001a   Code   RO         5189    .text               mf_w.l(dfltui.o)
    0x080004d4   0x080004d4   0x00000032   Code   RO         5191    .text               mf_w.l(dfixui.o)
    0x08000506   0x08000506   0x00000026   Code   RO         5193    .text               mf_w.l(f2d.o)
    0x0800052c   0x0800052c   0x00000030   Code   RO         5195    .text               mf_w.l(cdcmple.o)
    0x0800055c   0x0800055c   0x00000038   Code   RO         5197    .text               mf_w.l(d2f.o)
    0x08000594   0x08000594   0x0000002c   Code   RO         5235    .text               mc_w.l(uidiv.o)
    0x080005c0   0x080005c0   0x0000001e   Code   RO         5237    .text               mc_w.l(llshl.o)
    0x080005de   0x080005de   0x00000020   Code   RO         5239    .text               mc_w.l(llushr.o)
    0x080005fe   0x080005fe   0x0000009e   Code   RO         5248    .text               mc_w.l(_strtoul.o)
    0x0800069c   0x0800069c   0x00000000   Code   RO         5250    .text               mc_w.l(iusefp.o)
    0x0800069c   0x0800069c   0x0000006e   Code   RO         5251    .text               mf_w.l(fepilogue.o)
    0x0800070a   0x0800070a   0x000000ba   Code   RO         5253    .text               mf_w.l(depilogue.o)
    0x080007c4   0x080007c4   0x0000014e   Code   RO         5255    .text               mf_w.l(dadd.o)
    0x08000912   0x08000912   0x00000030   Code   RO         5257    .text               mf_w.l(dfixul.o)
    0x08000942   0x08000942   0x00000002   PAD
    0x08000944   0x08000944   0x00000030   Code   RO         5259    .text               mf_w.l(cdrcmple.o)
    0x08000974   0x08000974   0x00000024   Code   RO         5261    .text               mc_w.l(init.o)
    0x08000998   0x08000998   0x00000024   Code   RO         5263    .text               mc_w.l(llsshr.o)
    0x080009bc   0x080009bc   0x0000001c   Code   RO         5265    .text               mc_w.l(_chval.o)
    0x080009d8   0x080009d8   0x0000003a   Code   RO         5275    .text               mc_w.l(__dczerorl.o)
    0x08000a12   0x08000a12   0x00000002   PAD
    0x08000a14   0x08000a14   0x00000044   Code   RO         4750    .text.arm_bitreversal_32  arm_cortexM4lf_math.lib(arm_bitreversal2.o)
    0x08000a58   0x08000a58   0x000000e0   Code   RO         4609    .text.arm_cfft_f32  arm_cortexM4lf_math.lib(arm_cfft_f32.o)
    0x08000b38   0x08000b38   0x000000b4   Code   RO         4619    .text.arm_cfft_init_f32  arm_cortexM4lf_math.lib(arm_cfft_init_f32.o)
    0x08000bec   0x08000bec   0x00000198   Code   RO         4605    .text.arm_cfft_radix8by2_f32  arm_cortexM4lf_math.lib(arm_cfft_f32.o)
    0x08000d84   0x08000d84   0x000003fc   Code   RO         4607    .text.arm_cfft_radix8by4_f32  arm_cortexM4lf_math.lib(arm_cfft_f32.o)
    0x08001180   0x08001180   0x00000098   Code   RO         4547    .text.arm_cos_f32   arm_cortexM4lf_math.lib(arm_cos_f32.o)
    0x08001218   0x08001218   0x000005b2   Code   RO         4762    .text.arm_radix8_butterfly_f32  arm_cortexM4lf_math.lib(arm_cfft_radix8_f32.o)
    0x080017ca   0x080017ca   0x0000002a   Code   RO         4585    .text.arm_rfft_1024_fast_init_f32  arm_cortexM4lf_math.lib(arm_rfft_fast_init_f32.o)
    0x080017f4   0x080017f4   0x00000026   Code   RO         4591    .text.arm_rfft_128_fast_init_f32  arm_cortexM4lf_math.lib(arm_rfft_fast_init_f32.o)
    0x0800181a   0x0800181a   0x0000002a   Code   RO         4583    .text.arm_rfft_2048_fast_init_f32  arm_cortexM4lf_math.lib(arm_rfft_fast_init_f32.o)
    0x08001844   0x08001844   0x00000028   Code   RO         4589    .text.arm_rfft_256_fast_init_f32  arm_cortexM4lf_math.lib(arm_rfft_fast_init_f32.o)
    0x0800186c   0x0800186c   0x00000026   Code   RO         4595    .text.arm_rfft_32_fast_init_f32  arm_cortexM4lf_math.lib(arm_rfft_fast_init_f32.o)
    0x08001892   0x08001892   0x0000002a   Code   RO         4581    .text.arm_rfft_4096_fast_init_f32  arm_cortexM4lf_math.lib(arm_rfft_fast_init_f32.o)
    0x080018bc   0x080018bc   0x0000002a   Code   RO         4587    .text.arm_rfft_512_fast_init_f32  arm_cortexM4lf_math.lib(arm_rfft_fast_init_f32.o)
    0x080018e6   0x080018e6   0x00000026   Code   RO         4593    .text.arm_rfft_64_fast_init_f32  arm_cortexM4lf_math.lib(arm_rfft_fast_init_f32.o)
    0x0800190c   0x0800190c   0x00000046   Code   RO         4569    .text.arm_rfft_fast_f32  arm_cortexM4lf_math.lib(arm_rfft_fast_f32.o)
    0x08001952   0x08001952   0x00000090   Code   RO         4579    .text.arm_rfft_fast_init_f32  arm_cortexM4lf_math.lib(arm_rfft_fast_init_f32.o)
    0x080019e2   0x080019e2   0x00000002   PAD
    0x080019e4   0x080019e4   0x00000090   Code   RO         4556    .text.arm_sin_f32   arm_cortexM4lf_math.lib(arm_sin_f32.o)
    0x08001a74   0x08001a74   0x000000b4   Code   RO         4567    .text.merge_rfft_f32  arm_cortexM4lf_math.lib(arm_rfft_fast_f32.o)
    0x08001b28   0x08001b28   0x000000b4   Code   RO         4565    .text.stage_rfft_f32  arm_cortexM4lf_math.lib(arm_rfft_fast_f32.o)
    0x08001bdc   0x08001bdc   0x00000080   Code   RO         3820    i.AD9833_1_Config   bsp_ad9833.o
    0x08001c5c   0x08001c5c   0x00000050   Code   RO         3821    i.AD9833_1_GPIO_Init  bsp_ad9833.o
    0x08001cac   0x08001cac   0x00000012   Code   RO         3823    i.AD9833_1_Reset    bsp_ad9833.o
    0x08001cbe   0x08001cbe   0x00000002   PAD
    0x08001cc0   0x08001cc0   0x000000ac   Code   RO         3824    i.AD9833_1_SPI_Write  bsp_ad9833.o
    0x08001d6c   0x08001d6c   0x00000028   Code   RO         3828    i.AD9833_1_SetRegisterValue  bsp_ad9833.o
    0x08001d94   0x08001d94   0x00000080   Code   RO         3832    i.AD9833_2_Config   bsp_ad9833.o
    0x08001e14   0x08001e14   0x00000050   Code   RO         3833    i.AD9833_2_GPIO_Init  bsp_ad9833.o
    0x08001e64   0x08001e64   0x00000012   Code   RO         3835    i.AD9833_2_Reset    bsp_ad9833.o
    0x08001e76   0x08001e76   0x00000002   PAD
    0x08001e78   0x08001e78   0x000000ac   Code   RO         3836    i.AD9833_2_SPI_Write  bsp_ad9833.o
    0x08001f24   0x08001f24   0x00000028   Code   RO         3840    i.AD9833_2_SetRegisterValue  bsp_ad9833.o
    0x08001f4c   0x08001f4c   0x0000007e   Code   RO          686    i.ADC_DMAConvCplt   stm32f4xx_hal_adc.o
    0x08001fca   0x08001fca   0x0000001a   Code   RO          687    i.ADC_DMAError      stm32f4xx_hal_adc.o
    0x08001fe4   0x08001fe4   0x0000000e   Code   RO          688    i.ADC_DMAHalfConvCplt  stm32f4xx_hal_adc.o
    0x08001ff2   0x08001ff2   0x00000002   PAD
    0x08001ff4   0x08001ff4   0x000001b4   Code   RO          689    i.ADC_Init          stm32f4xx_hal_adc.o
    0x080021a8   0x080021a8   0x00000004   Code   RO          544    i.BusFault_Handler  stm32f4xx_it.o
    0x080021ac   0x080021ac   0x00000598   Code   RO         4434    i.Calibration_Frequency  data_process.o
    0x08002744   0x08002744   0x000000ec   Code   RO         4435    i.DDS_Output        data_process.o
    0x08002830   0x08002830   0x00000010   Code   RO          545    i.DMA1_Stream1_IRQHandler  stm32f4xx_it.o
    0x08002840   0x08002840   0x00000010   Code   RO          546    i.DMA1_Stream3_IRQHandler  stm32f4xx_it.o
    0x08002850   0x08002850   0x00000010   Code   RO          547    i.DMA2_Stream0_IRQHandler  stm32f4xx_it.o
    0x08002860   0x08002860   0x00000010   Code   RO          548    i.DMA2_Stream1_IRQHandler  stm32f4xx_it.o
    0x08002870   0x08002870   0x00000010   Code   RO          549    i.DMA2_Stream2_IRQHandler  stm32f4xx_it.o
    0x08002880   0x08002880   0x00000034   Code   RO         1468    i.DMA_CalcBaseAndBitshift  stm32f4xx_hal_dma.o
    0x080028b4   0x080028b4   0x000000aa   Code   RO         1469    i.DMA_CheckFifoParam  stm32f4xx_hal_dma.o
    0x0800295e   0x0800295e   0x0000002c   Code   RO         1470    i.DMA_SetConfig     stm32f4xx_hal_dma.o
    0x0800298a   0x0800298a   0x00000002   PAD
    0x0800298c   0x0800298c   0x00000030   Code   RO         3983    i.DWT_Delay_us      bsp_x9cxxx.o
    0x080029bc   0x080029bc   0x000000f0   Code   RO         4436    i.Data_Process      data_process.o
    0x08002aac   0x08002aac   0x00000002   Code   RO          550    i.DebugMon_Handler  stm32f4xx_it.o
    0x08002aae   0x08002aae   0x00000002   PAD
    0x08002ab0   0x08002ab0   0x000000cc   Code   RO         4437    i.DemuxADCData      data_process.o
    0x08002b7c   0x08002b7c   0x0000004c   Code   RO         4291    i.Detect_KeyPress   key.o
    0x08002bc8   0x08002bc8   0x00000006   Code   RO           47    i.Error_Handler     main.o
    0x08002bce   0x08002bce   0x00000002   PAD
    0x08002bd0   0x08002bd0   0x00000140   Code   RO         2172    i.FSMC_NORSRAM_Extended_Timing_Init  stm32f4xx_ll_fsmc.o
    0x08002d10   0x08002d10   0x00000228   Code   RO         2173    i.FSMC_NORSRAM_Init  stm32f4xx_ll_fsmc.o
    0x08002f38   0x08002f38   0x00000148   Code   RO         2174    i.FSMC_NORSRAM_Timing_Init  stm32f4xx_ll_fsmc.o
    0x08003080   0x08003080   0x00000410   Code   RO          859    i.HAL_ADCEx_InjectedConfigChannel  stm32f4xx_hal_adc_ex.o
    0x08003490   0x08003490   0x00000228   Code   RO          691    i.HAL_ADC_ConfigChannel  stm32f4xx_hal_adc.o
    0x080036b8   0x080036b8   0x00000048   Code   RO          290    i.HAL_ADC_ConvCpltCallback  adc.o
    0x08003700   0x08003700   0x00000002   Code   RO          693    i.HAL_ADC_ConvHalfCpltCallback  stm32f4xx_hal_adc.o
    0x08003702   0x08003702   0x00000002   Code   RO          695    i.HAL_ADC_ErrorCallback  stm32f4xx_hal_adc.o
    0x08003704   0x08003704   0x00000284   Code   RO          700    i.HAL_ADC_Init      stm32f4xx_hal_adc.o
    0x08003988   0x08003988   0x00000250   Code   RO          292    i.HAL_ADC_MspInit   adc.o
    0x08003bd8   0x08003bd8   0x00000230   Code   RO          707    i.HAL_ADC_Start_DMA  stm32f4xx_hal_adc.o
    0x08003e08   0x08003e08   0x000000e8   Code   RO          710    i.HAL_ADC_Stop_DMA  stm32f4xx_hal_adc.o
    0x08003ef0   0x08003ef0   0x000000ac   Code   RO         1471    i.HAL_DMA_Abort     stm32f4xx_hal_dma.o
    0x08003f9c   0x08003f9c   0x00000028   Code   RO         1472    i.HAL_DMA_Abort_IT  stm32f4xx_hal_dma.o
    0x08003fc4   0x08003fc4   0x00000240   Code   RO         1476    i.HAL_DMA_IRQHandler  stm32f4xx_hal_dma.o
    0x08004204   0x08004204   0x0000035c   Code   RO         1477    i.HAL_DMA_Init      stm32f4xx_hal_dma.o
    0x08004560   0x08004560   0x000000e0   Code   RO         1481    i.HAL_DMA_Start_IT  stm32f4xx_hal_dma.o
    0x08004640   0x08004640   0x00000028   Code   RO         1913    i.HAL_Delay         stm32f4xx_hal.o
    0x08004668   0x08004668   0x000000d0   Code   RO          377    i.HAL_FSMC_MspInit  fsmc.o
    0x08004738   0x08004738   0x00000418   Code   RO         1364    i.HAL_GPIO_Init     stm32f4xx_hal_gpio.o
    0x08004b50   0x08004b50   0x00000068   Code   RO         1366    i.HAL_GPIO_ReadPin  stm32f4xx_hal_gpio.o
    0x08004bb8   0x08004bb8   0x00000078   Code   RO         1368    i.HAL_GPIO_WritePin  stm32f4xx_hal_gpio.o
    0x08004c30   0x08004c30   0x0000000c   Code   RO         1919    i.HAL_GetTick       stm32f4xx_hal.o
    0x08004c3c   0x08004c3c   0x00000018   Code   RO         1925    i.HAL_IncTick       stm32f4xx_hal.o
    0x08004c54   0x08004c54   0x0000003c   Code   RO         1926    i.HAL_Init          stm32f4xx_hal.o
    0x08004c90   0x08004c90   0x0000004c   Code   RO         1927    i.HAL_InitTick      stm32f4xx_hal.o
    0x08004cdc   0x08004cdc   0x00000048   Code   RO          662    i.HAL_MspInit       stm32f4xx_hal_msp.o
    0x08004d24   0x08004d24   0x00000074   Code   RO         1756    i.HAL_NVIC_EnableIRQ  stm32f4xx_hal_cortex.o
    0x08004d98   0x08004d98   0x000000d4   Code   RO         1762    i.HAL_NVIC_SetPriority  stm32f4xx_hal_cortex.o
    0x08004e6c   0x08004e6c   0x00000088   Code   RO         1763    i.HAL_NVIC_SetPriorityGrouping  stm32f4xx_hal_cortex.o
    0x08004ef4   0x08004ef4   0x000002c0   Code   RO          965    i.HAL_RCC_ClockConfig  stm32f4xx_hal_rcc.o
    0x080051b4   0x080051b4   0x0000000c   Code   RO          970    i.HAL_RCC_GetHCLKFreq  stm32f4xx_hal_rcc.o
    0x080051c0   0x080051c0   0x00000020   Code   RO          972    i.HAL_RCC_GetPCLK1Freq  stm32f4xx_hal_rcc.o
    0x080051e0   0x080051e0   0x00000020   Code   RO          973    i.HAL_RCC_GetPCLK2Freq  stm32f4xx_hal_rcc.o
    0x08005200   0x08005200   0x000000b0   Code   RO          974    i.HAL_RCC_GetSysClockFreq  stm32f4xx_hal_rcc.o
    0x080052b0   0x080052b0   0x00000618   Code   RO          977    i.HAL_RCC_OscConfig  stm32f4xx_hal_rcc.o
    0x080058c8   0x080058c8   0x0000005e   Code   RO         2294    i.HAL_SRAM_Init     stm32f4xx_hal_sram.o
    0x08005926   0x08005926   0x0000000a   Code   RO          379    i.HAL_SRAM_MspInit  fsmc.o
    0x08005930   0x08005930   0x00000034   Code   RO         1767    i.HAL_SYSTICK_Config  stm32f4xx_hal_cortex.o
    0x08005964   0x08005964   0x00000198   Code   RO         3161    i.HAL_TIMEx_MasterConfigSynchronization  stm32f4xx_hal_tim_ex.o
    0x08005afc   0x08005afc   0x000001f0   Code   RO         2427    i.HAL_TIM_Base_Init  stm32f4xx_hal_tim.o
    0x08005cec   0x08005cec   0x00000060   Code   RO          430    i.HAL_TIM_Base_MspInit  tim.o
    0x08005d4c   0x08005d4c   0x00000168   Code   RO         2430    i.HAL_TIM_Base_Start  stm32f4xx_hal_tim.o
    0x08005eb4   0x08005eb4   0x0000011c   Code   RO         2433    i.HAL_TIM_Base_Stop  stm32f4xx_hal_tim.o
    0x08005fd0   0x08005fd0   0x00000598   Code   RO         2436    i.HAL_TIM_ConfigClockSource  stm32f4xx_hal_tim.o
    0x08006568   0x08006568   0x00000070   Code   RO         3419    i.HAL_UARTEx_ReceiveToIdle_DMA  stm32f4xx_hal_uart.o
    0x080065d8   0x080065d8   0x00000068   Code   RO          477    i.HAL_UARTEx_RxEventCallback  usart.o
    0x08006640   0x08006640   0x00000002   Code   RO         3435    i.HAL_UART_ErrorCallback  stm32f4xx_hal_uart.o
    0x08006642   0x08006642   0x00000002   PAD
    0x08006644   0x08006644   0x00000308   Code   RO         3438    i.HAL_UART_IRQHandler  stm32f4xx_hal_uart.o
    0x0800694c   0x0800694c   0x0000018c   Code   RO         3439    i.HAL_UART_Init     stm32f4xx_hal_uart.o
    0x08006ad8   0x08006ad8   0x000001a4   Code   RO          479    i.HAL_UART_MspInit  usart.o
    0x08006c7c   0x08006c7c   0x00000002   Code   RO         3445    i.HAL_UART_RxCpltCallback  stm32f4xx_hal_uart.o
    0x08006c7e   0x08006c7e   0x00000002   Code   RO         3446    i.HAL_UART_RxHalfCpltCallback  stm32f4xx_hal_uart.o
    0x08006c80   0x08006c80   0x000000be   Code   RO         3447    i.HAL_UART_Transmit  stm32f4xx_hal_uart.o
    0x08006d3e   0x08006d3e   0x00000002   PAD
    0x08006d40   0x08006d40   0x0000009c   Code   RO         3448    i.HAL_UART_Transmit_DMA  stm32f4xx_hal_uart.o
    0x08006ddc   0x08006ddc   0x00000002   Code   RO         3450    i.HAL_UART_TxCpltCallback  stm32f4xx_hal_uart.o
    0x08006dde   0x08006dde   0x00000002   Code   RO         3451    i.HAL_UART_TxHalfCpltCallback  stm32f4xx_hal_uart.o
    0x08006de0   0x08006de0   0x00000004   Code   RO          551    i.HardFault_Handler  stm32f4xx_it.o
    0x08006de4   0x08006de4   0x0000006c   Code   RO         4073    i.LCD_Clear         lcd.o
    0x08006e50   0x08006e50   0x00000170   Code   RO         4077    i.LCD_Display_Dir   lcd.o
    0x08006fc0   0x08006fc0   0x00000064   Code   RO         4438    i.LCD_Display_Title_Center  data_process.o
    0x08007024   0x08007024   0x00000120   Code   RO         4082    i.LCD_Fast_DrawPoint  lcd.o
    0x08007144   0x08007144   0x00003768   Code   RO         4084    i.LCD_Init          lcd.o
    0x0800a8ac   0x0800a8ac   0x00000014   Code   RO         4086    i.LCD_RD_DATA       lcd.o
    0x0800a8c0   0x0800a8c0   0x00000016   Code   RO         4088    i.LCD_ReadReg       lcd.o
    0x0800a8d6   0x0800a8d6   0x00000002   PAD
    0x0800a8d8   0x0800a8d8   0x000002dc   Code   RO         4089    i.LCD_Scan_Dir      lcd.o
    0x0800abb4   0x0800abb4   0x0000010c   Code   RO         4090    i.LCD_SetCursor     lcd.o
    0x0800acc0   0x0800acc0   0x00000128   Code   RO         4092    i.LCD_ShowChar      lcd.o
    0x0800ade8   0x0800ade8   0x00000066   Code   RO         4094    i.LCD_ShowString    lcd.o
    0x0800ae4e   0x0800ae4e   0x00000002   PAD
    0x0800ae50   0x0800ae50   0x00000018   Code   RO         4096    i.LCD_WR_DATA       lcd.o
    0x0800ae68   0x0800ae68   0x00000018   Code   RO         4097    i.LCD_WR_REG        lcd.o
    0x0800ae80   0x0800ae80   0x00000014   Code   RO         4099    i.LCD_WriteRAM_Prepare  lcd.o
    0x0800ae94   0x0800ae94   0x0000001c   Code   RO         4100    i.LCD_WriteReg      lcd.o
    0x0800aeb0   0x0800aeb0   0x000000c0   Code   RO          293    i.MX_ADC1_Init      adc.o
    0x0800af70   0x0800af70   0x000000a0   Code   RO          294    i.MX_ADC2_Init      adc.o
    0x0800b010   0x0800b010   0x000000a0   Code   RO          295    i.MX_ADC3_Init      adc.o
    0x0800b0b0   0x0800b0b0   0x00000098   Code   RO          352    i.MX_DMA_Init       dma.o
    0x0800b148   0x0800b148   0x0000007c   Code   RO          380    i.MX_FSMC_Init      fsmc.o
    0x0800b1c4   0x0800b1c4   0x00000248   Code   RO          266    i.MX_GPIO_Init      gpio.o
    0x0800b40c   0x0800b40c   0x0000006c   Code   RO          431    i.MX_TIM2_Init      tim.o
    0x0800b478   0x0800b478   0x00000070   Code   RO          432    i.MX_TIM8_Init      tim.o
    0x0800b4e8   0x0800b4e8   0x00000038   Code   RO          480    i.MX_USART1_UART_Init  usart.o
    0x0800b520   0x0800b520   0x00000058   Code   RO          481    i.MX_USART3_UART_Init  usart.o
    0x0800b578   0x0800b578   0x00000004   Code   RO          552    i.MemManage_Handler  stm32f4xx_it.o
    0x0800b57c   0x0800b57c   0x00000004   Code   RO          553    i.NMI_Handler       stm32f4xx_it.o
    0x0800b580   0x0800b580   0x00000002   Code   RO          554    i.PendSV_Handler    stm32f4xx_it.o
    0x0800b582   0x0800b582   0x00000002   Code   RO          555    i.SVC_Handler       stm32f4xx_it.o
    0x0800b584   0x0800b584   0x00000130   Code   RO         4439    i.Signal_Info_Display  data_process.o
    0x0800b6b4   0x0800b6b4   0x00000008   Code   RO          556    i.SysTick_Handler   stm32f4xx_it.o
    0x0800b6bc   0x0800b6bc   0x000000b4   Code   RO           48    i.SystemClock_Config  main.o
    0x0800b770   0x0800b770   0x00000014   Code   RO         3783    i.SystemInit        system_stm32f4xx.o
    0x0800b784   0x0800b784   0x000000e0   Code   RO         2520    i.TIM_Base_SetConfig  stm32f4xx_hal_tim.o
    0x0800b864   0x0800b864   0x00000016   Code   RO         2531    i.TIM_ETR_SetConfig  stm32f4xx_hal_tim.o
    0x0800b87a   0x0800b87a   0x00000012   Code   RO         2532    i.TIM_ITRx_SetConfig  stm32f4xx_hal_tim.o
    0x0800b88c   0x0800b88c   0x00000026   Code   RO         2538    i.TIM_TI1_ConfigInputStage  stm32f4xx_hal_tim.o
    0x0800b8b2   0x0800b8b2   0x00000028   Code   RO         2540    i.TIM_TI2_ConfigInputStage  stm32f4xx_hal_tim.o
    0x0800b8da   0x0800b8da   0x00000012   Code   RO         3452    i.UART_DMAAbortOnError  stm32f4xx_hal_uart.o
    0x0800b8ec   0x0800b8ec   0x00000050   Code   RO         3453    i.UART_DMAError     stm32f4xx_hal_uart.o
    0x0800b93c   0x0800b93c   0x000000b4   Code   RO         3454    i.UART_DMAReceiveCplt  stm32f4xx_hal_uart.o
    0x0800b9f0   0x0800b9f0   0x00000024   Code   RO         3456    i.UART_DMARxHalfCplt  stm32f4xx_hal_uart.o
    0x0800ba14   0x0800ba14   0x00000058   Code   RO         3458    i.UART_DMATransmitCplt  stm32f4xx_hal_uart.o
    0x0800ba6c   0x0800ba6c   0x0000000e   Code   RO         3460    i.UART_DMATxHalfCplt  stm32f4xx_hal_uart.o
    0x0800ba7a   0x0800ba7a   0x0000006c   Code   RO         3462    i.UART_EndRxTransfer  stm32f4xx_hal_uart.o
    0x0800bae6   0x0800bae6   0x00000020   Code   RO         3463    i.UART_EndTransmit_IT  stm32f4xx_hal_uart.o
    0x0800bb06   0x0800bb06   0x00000026   Code   RO         3464    i.UART_EndTxTransfer  stm32f4xx_hal_uart.o
    0x0800bb2c   0x0800bb2c   0x000000fc   Code   RO         3465    i.UART_Receive_IT   stm32f4xx_hal_uart.o
    0x0800bc28   0x0800bc28   0x000002e0   Code   RO         3466    i.UART_SetConfig    stm32f4xx_hal_uart.o
    0x0800bf08   0x0800bf08   0x000000d8   Code   RO         3467    i.UART_Start_Receive_DMA  stm32f4xx_hal_uart.o
    0x0800bfe0   0x0800bfe0   0x00000060   Code   RO         3469    i.UART_Transmit_IT  stm32f4xx_hal_uart.o
    0x0800c040   0x0800c040   0x0000008c   Code   RO         3470    i.UART_WaitOnFlagUntilTimeout  stm32f4xx_hal_uart.o
    0x0800c0cc   0x0800c0cc   0x00000010   Code   RO          557    i.USART1_IRQHandler  stm32f4xx_it.o
    0x0800c0dc   0x0800c0dc   0x00000010   Code   RO          558    i.USART3_IRQHandler  stm32f4xx_it.o
    0x0800c0ec   0x0800c0ec   0x00000004   Code   RO          559    i.UsageFault_Handler  stm32f4xx_it.o
    0x0800c0f0   0x0800c0f0   0x00000064   Code   RO         3984    i.X9C103_SetResistance  bsp_x9cxxx.o
    0x0800c154   0x0800c154   0x00000064   Code   RO         3985    i.X9C503_SetResistance  bsp_x9cxxx.o
    0x0800c1b8   0x0800c1b8   0x00000014   Code   RO         3986    i.X9C_Deselect      bsp_x9cxxx.o
    0x0800c1cc   0x0800c1cc   0x00000028   Code   RO         3987    i.X9C_IncPulse      bsp_x9cxxx.o
    0x0800c1f4   0x0800c1f4   0x0000005c   Code   RO         3988    i.X9C_Init          bsp_x9cxxx.o
    0x0800c250   0x0800c250   0x00000014   Code   RO         3989    i.X9C_Select        bsp_x9cxxx.o
    0x0800c264   0x0800c264   0x00000024   Code   RO         3990    i.X9C_SetDirection  bsp_x9cxxx.o
    0x0800c288   0x0800c288   0x0000005c   Code   RO         3991    i.X9C_SetPos        bsp_x9cxxx.o
    0x0800c2e4   0x0800c2e4   0x00000020   Code   RO         5155    i.__0printf         mc_w.l(printfa.o)
    0x0800c304   0x0800c304   0x00000028   Code   RO         5157    i.__0sprintf        mc_w.l(printfa.o)
    0x0800c32c   0x0800c32c   0x00000026   Code   RO         5199    i.__ARM_fpclassifyf  m_wm.l(fpclassifyf.o)
    0x0800c352   0x0800c352   0x00000002   PAD
    0x0800c354   0x0800c354   0x00000010   Code   RO         1769    i.__NVIC_GetPriorityGrouping  stm32f4xx_hal_cortex.o
    0x0800c364   0x0800c364   0x00000028   Code   RO         1770    i.__NVIC_SetPriority  stm32f4xx_hal_cortex.o
    0x0800c38c   0x0800c38c   0x00000008   Code   RO         5241    i.__aeabi_errno_addr  mc_w.l(errno.o)
    0x0800c394   0x0800c394   0x000002ac   Code   RO         4845    i.__hardfp_atan2f   m_wm.l(atan2f.o)
    0x0800c640   0x0800c640   0x00000150   Code   RO         4857    i.__hardfp_cosf     m_wm.l(cosf.o)
    0x0800c790   0x0800c790   0x0000003a   Code   RO         4869    i.__hardfp_sqrtf    m_wm.l(sqrtf.o)
    0x0800c7ca   0x0800c7ca   0x00000006   Code   RO         5202    i.__mathlib_flt_infnan  m_wm.l(funder.o)
    0x0800c7d0   0x0800c7d0   0x00000006   Code   RO         5203    i.__mathlib_flt_infnan2  m_wm.l(funder.o)
    0x0800c7d6   0x0800c7d6   0x00000002   PAD
    0x0800c7d8   0x0800c7d8   0x00000010   Code   RO         5204    i.__mathlib_flt_invalid  m_wm.l(funder.o)
    0x0800c7e8   0x0800c7e8   0x00000010   Code   RO         5207    i.__mathlib_flt_underflow  m_wm.l(funder.o)
    0x0800c7f8   0x0800c7f8   0x00000154   Code   RO         5215    i.__mathlib_rredf2  m_wm.l(rredf.o)
    0x0800c94c   0x0800c94c   0x0000000e   Code   RO         5269    i.__scatterload_copy  mc_w.l(handlers.o)
    0x0800c95a   0x0800c95a   0x00000002   Code   RO         5270    i.__scatterload_null  mc_w.l(handlers.o)
    0x0800c95c   0x0800c95c   0x0000000e   Code   RO         5271    i.__scatterload_zeroinit  mc_w.l(handlers.o)
    0x0800c96a   0x0800c96a   0x00000002   PAD
    0x0800c96c   0x0800c96c   0x0000000c   Code   RO         5243    i.__set_errno       mc_w.l(errno.o)
    0x0800c978   0x0800c978   0x00000184   Code   RO         5162    i._fp_digits        mc_w.l(printfa.o)
    0x0800cafc   0x0800cafc   0x000006b4   Code   RO         5163    i._printf_core      mc_w.l(printfa.o)
    0x0800d1b0   0x0800d1b0   0x00000024   Code   RO         5164    i._printf_post_padding  mc_w.l(printfa.o)
    0x0800d1d4   0x0800d1d4   0x0000002e   Code   RO         5165    i._printf_pre_padding  mc_w.l(printfa.o)
    0x0800d202   0x0800d202   0x0000000a   Code   RO         5167    i._sputc            mc_w.l(printfa.o)
    0x0800d20c   0x0800d20c   0x0000006c   Code   RO         4378    i.adc_zero_bias     fft_hp_estimate.o
    0x0800d278   0x0800d278   0x000005c4   Code   RO         4441    i.analyse_two_signals  data_process.o
    0x0800d83c   0x0800d83c   0x00000002   Code   RO           49    i.assert_failed     main.o
    0x0800d83e   0x0800d83e   0x00000002   PAD
    0x0800d840   0x0800d840   0x00000038   Code   RO         4442    i.config_digital_potentiometer  data_process.o
    0x0800d878   0x0800d878   0x000001c8   Code   RO         4379    i.fft_top2_hann_zero_interp  fft_hp_estimate.o
    0x0800da40   0x0800da40   0x000001d8   Code   RO         4380    i.fft_top5_hann_zero_nointp  fft_hp_estimate.o
    0x0800dc18   0x0800dc18   0x00000082   Code   RO         4443    i.find_zero_crossings  data_process.o
    0x0800dc9a   0x0800dc9a   0x00000002   PAD
    0x0800dc9c   0x0800dc9c   0x00000020   Code   RO          483    i.fputc             usart.o
    0x0800dcbc   0x0800dcbc   0x0000005e   Code   RO         4444    i.get_message       data_process.o
    0x0800dd1a   0x0800dd1a   0x00000002   PAD
    0x0800dd1c   0x0800dd1c   0x00000068   Code   RO         4322    i.goertzel_init_fomega  goertzel.o
    0x0800dd84   0x0800dd84   0x000000c4   Code   RO         4324    i.goertzel_process_f32omega  goertzel.o
    0x0800de48   0x0800de48   0x000000b0   Code   RO         4381    i.init_hann_fft     fft_hp_estimate.o
    0x0800def8   0x0800def8   0x00000108   Code   RO           50    i.main              main.o
    0x0800e000   0x0800e000   0x00000008   Data   RO         1483    .constdata          stm32f4xx_hal_dma.o
    0x0800e008   0x0800e008   0x00000018   Data   RO         3784    .constdata          system_stm32f4xx.o
    0x0800e020   0x0800e020   0x0000000d   Data   RO         3843    .constdata          bsp_ad9833.o
    0x0800e02d   0x0800e02d   0x000017c0   Data   RO         4103    .constdata          lcd.o
    0x0800f7ed   0x0800f7ed   0x00000003   PAD
    0x0800f7f0   0x0800f7f0   0x00000028   Data   RO         4383    .constdata          fft_hp_estimate.o
    0x0800f818   0x0800f818   0x00000081   Data   RO         4887    .constdata          mc_w.l(ctype_o.o)
    0x0800f899   0x0800f899   0x00000003   PAD
    0x0800f89c   0x0800f89c   0x00000004   Data   RO         4888    .constdata          mc_w.l(ctype_o.o)
    0x0800f8a0   0x0800f8a0   0x00000020   Data   RO         5216    .constdata          m_wm.l(rredf.o)
    0x0800f8c0   0x0800f8c0   0x0000004d   Data   RO         4446    .conststring        data_process.o
    0x0800f90d   0x0800f90d   0x00000001   PAD
    0x0800f90e   0x0800f90e   0x00000e10   Data   RO         4680    .rodata.armBitRevIndexTable1024  arm_cortexM4lf_math.lib(arm_common_tables.o)
    0x0801071e   0x0801071e   0x000001a0   Data   RO         4677    .rodata.armBitRevIndexTable128  arm_cortexM4lf_math.lib(arm_common_tables.o)
    0x080108be   0x080108be   0x00000028   Data   RO         4674    .rodata.armBitRevIndexTable16  arm_cortexM4lf_math.lib(arm_common_tables.o)
    0x080108e6   0x080108e6   0x00001dc0   Data   RO         4681    .rodata.armBitRevIndexTable2048  arm_cortexM4lf_math.lib(arm_common_tables.o)
    0x080126a6   0x080126a6   0x00000370   Data   RO         4678    .rodata.armBitRevIndexTable256  arm_cortexM4lf_math.lib(arm_common_tables.o)
    0x08012a16   0x08012a16   0x00000060   Data   RO         4675    .rodata.armBitRevIndexTable32  arm_cortexM4lf_math.lib(arm_common_tables.o)
    0x08012a76   0x08012a76   0x00001f80   Data   RO         4682    .rodata.armBitRevIndexTable4096  arm_cortexM4lf_math.lib(arm_common_tables.o)
    0x080149f6   0x080149f6   0x00000380   Data   RO         4679    .rodata.armBitRevIndexTable512  arm_cortexM4lf_math.lib(arm_common_tables.o)
    0x08014d76   0x08014d76   0x00000070   Data   RO         4676    .rodata.armBitRevIndexTable64  arm_cortexM4lf_math.lib(arm_common_tables.o)
    0x08014de6   0x08014de6   0x00000002   PAD
    0x08014de8   0x08014de8   0x00000010   Data   RO         4786    .rodata.arm_cfft_sR_f32_len1024  arm_cortexM4lf_math.lib(arm_const_structs.o)
    0x08014df8   0x08014df8   0x00000010   Data   RO         4783    .rodata.arm_cfft_sR_f32_len128  arm_cortexM4lf_math.lib(arm_const_structs.o)
    0x08014e08   0x08014e08   0x00000010   Data   RO         4780    .rodata.arm_cfft_sR_f32_len16  arm_cortexM4lf_math.lib(arm_const_structs.o)
    0x08014e18   0x08014e18   0x00000010   Data   RO         4787    .rodata.arm_cfft_sR_f32_len2048  arm_cortexM4lf_math.lib(arm_const_structs.o)
    0x08014e28   0x08014e28   0x00000010   Data   RO         4784    .rodata.arm_cfft_sR_f32_len256  arm_cortexM4lf_math.lib(arm_const_structs.o)
    0x08014e38   0x08014e38   0x00000010   Data   RO         4781    .rodata.arm_cfft_sR_f32_len32  arm_cortexM4lf_math.lib(arm_const_structs.o)
    0x08014e48   0x08014e48   0x00000010   Data   RO         4788    .rodata.arm_cfft_sR_f32_len4096  arm_cortexM4lf_math.lib(arm_const_structs.o)
    0x08014e58   0x08014e58   0x00000010   Data   RO         4785    .rodata.arm_cfft_sR_f32_len512  arm_cortexM4lf_math.lib(arm_const_structs.o)
    0x08014e68   0x08014e68   0x00000010   Data   RO         4782    .rodata.arm_cfft_sR_f32_len64  arm_cortexM4lf_math.lib(arm_const_structs.o)
    0x08014e78   0x08014e78   0x00000804   Data   RO         4740    .rodata.sinTable_f32  arm_cortexM4lf_math.lib(arm_common_tables.o)
    0x0801567c   0x0801567c   0x00002000   Data   RO         4644    .rodata.twiddleCoef_1024  arm_cortexM4lf_math.lib(arm_common_tables.o)
    0x0801767c   0x0801767c   0x00000400   Data   RO         4641    .rodata.twiddleCoef_128  arm_cortexM4lf_math.lib(arm_common_tables.o)
    0x08017a7c   0x08017a7c   0x00000080   Data   RO         4638    .rodata.twiddleCoef_16  arm_cortexM4lf_math.lib(arm_common_tables.o)
    0x08017afc   0x08017afc   0x00004000   Data   RO         4645    .rodata.twiddleCoef_2048  arm_cortexM4lf_math.lib(arm_common_tables.o)
    0x0801bafc   0x0801bafc   0x00000800   Data   RO         4642    .rodata.twiddleCoef_256  arm_cortexM4lf_math.lib(arm_common_tables.o)
    0x0801c2fc   0x0801c2fc   0x00000100   Data   RO         4639    .rodata.twiddleCoef_32  arm_cortexM4lf_math.lib(arm_common_tables.o)
    0x0801c3fc   0x0801c3fc   0x00008000   Data   RO         4646    .rodata.twiddleCoef_4096  arm_cortexM4lf_math.lib(arm_common_tables.o)
    0x080243fc   0x080243fc   0x00001000   Data   RO         4643    .rodata.twiddleCoef_512  arm_cortexM4lf_math.lib(arm_common_tables.o)
    0x080253fc   0x080253fc   0x00000200   Data   RO         4640    .rodata.twiddleCoef_64  arm_cortexM4lf_math.lib(arm_common_tables.o)
    0x080255fc   0x080255fc   0x00001000   Data   RO         4705    .rodata.twiddleCoef_rfft_1024  arm_cortexM4lf_math.lib(arm_common_tables.o)
    0x080265fc   0x080265fc   0x00000200   Data   RO         4702    .rodata.twiddleCoef_rfft_128  arm_cortexM4lf_math.lib(arm_common_tables.o)
    0x080267fc   0x080267fc   0x00002000   Data   RO         4706    .rodata.twiddleCoef_rfft_2048  arm_cortexM4lf_math.lib(arm_common_tables.o)
    0x080287fc   0x080287fc   0x00000400   Data   RO         4703    .rodata.twiddleCoef_rfft_256  arm_cortexM4lf_math.lib(arm_common_tables.o)
    0x08028bfc   0x08028bfc   0x00000080   Data   RO         4700    .rodata.twiddleCoef_rfft_32  arm_cortexM4lf_math.lib(arm_common_tables.o)
    0x08028c7c   0x08028c7c   0x00004000   Data   RO         4707    .rodata.twiddleCoef_rfft_4096  arm_cortexM4lf_math.lib(arm_common_tables.o)
    0x0802cc7c   0x0802cc7c   0x00000800   Data   RO         4704    .rodata.twiddleCoef_rfft_512  arm_cortexM4lf_math.lib(arm_common_tables.o)
    0x0802d47c   0x0802d47c   0x00000100   Data   RO         4701    .rodata.twiddleCoef_rfft_64  arm_cortexM4lf_math.lib(arm_common_tables.o)
    0x0802d57c   0x0802d57c   0x00000020   Data   RO         5267    Region$$Table       anon$$obj.o


    Execution Region RW_IRAM1 (Exec base: 0x20000000, Load base: 0x0802d59c, Size: 0x000116a0, Max: 0x0001c000, ABSOLUTE, COMPRESSED[0x00000030])

    Exec Addr    Load Addr    Size         Type   Attr      Idx    E Section Name        Object

    0x20000000   COMPRESSED   0x00001000   Data   RW          296    .bss                adc.o
    0x20001000   COMPRESSED   0x00000002   Data   RW           51    .data               main.o
    0x20001002   COMPRESSED   0x00000003   Data   RW          298    .data               adc.o
    0x20001005   COMPRESSED   0x00000003   PAD
    0x20001008   COMPRESSED   0x00000008   Data   RW          382    .data               fsmc.o
    0x20001010   COMPRESSED   0x00000003   Data   RW          485    .data               usart.o
    0x20001013   COMPRESSED   0x00000001   PAD
    0x20001014   COMPRESSED   0x00000009   Data   RW         1933    .data               stm32f4xx_hal.o
    0x2000101d   COMPRESSED   0x00000003   PAD
    0x20001020   COMPRESSED   0x00000004   Data   RW         3785    .data               system_stm32f4xx.o
    0x20001024   COMPRESSED   0x00000004   Data   RW         4104    .data               lcd.o
    0x20001028   COMPRESSED   0x00000008   Data   RW         4292    .data               key.o
    0x20001030   COMPRESSED   0x00000002   Data   RW         4384    .data               fft_hp_estimate.o
    0x20001032   COMPRESSED   0x00000002   PAD
    0x20001034   COMPRESSED   0x00000020   Data   RW         4447    .data               data_process.o
    0x20001054   COMPRESSED   0x00000004   Data   RW         5234    .data               mc_w.l(stdout.o)
    0x20001058   COMPRESSED   0x00000004   Data   RW         5244    .data               mc_w.l(errno.o)
    0x2000105c        -       0x00002138   Zero   RW          297    .bss                adc.o
    0x20003194        -       0x00000050   Zero   RW          381    .bss                fsmc.o
    0x200031e4        -       0x00000090   Zero   RW          433    .bss                tim.o
    0x20003274        -       0x00000184   Zero   RW          484    .bss                usart.o
    0x200033f8        -       0x0000000e   Zero   RW         4102    .bss                lcd.o
    0x20003406   COMPRESSED   0x00000002   PAD
    0x20003408        -       0x00008018   Zero   RW         4382    .bss                fft_hp_estimate.o
    0x2000b420        -       0x00005e80   Zero   RW         4445    .bss                data_process.o
    0x200112a0        -       0x00000400   Zero   RW            1    STACK               startup_stm32f407xx.o


    Execution Region RW_IRAM2 (Exec base: 0x2001c000, Load base: 0x0802d5cc, Size: 0x00000000, Max: 0x00004000, ABSOLUTE)

    **** No section assigned to this execution region ****


==============================================================================

Image component sizes


      Code (inc. data)   RO Data    RW Data    ZI Data      Debug   Object Name

      1176        112          0       4099       8504       4763   adc.o
         0          0          0          0          0       4500   armlib_lock_glue.o
       876         68         13          0          0       7230   bsp_ad9833.o
       548         72          0          0          0       5771   bsp_x9cxxx.o
      4272        534         77         32      24192      14144   data_process.o
       152          6          0          0          0        878   dma.o
      1212        170         40          2      32792       5160   fft_hp_estimate.o
       342         36          0          8         80       2439   fsmc.o
       300         14          0          0          0      19499   goertzel.o
       584         34          0          0          0       1379   gpio.o
        76         18          0          8          0       1138   key.o
     16484        186       6080          4         14      21320   lcd.o
       452         88          0          2          0     742683   main.o
        36          8        392          0       1024        856   startup_stm32f407xx.o
       212         36          0          9          0       9565   stm32f4xx_hal.o
      2594        370          0          0          0       8253   stm32f4xx_hal_adc.o
      1040         74          0          0          0       1726   stm32f4xx_hal_adc_ex.o
       572        204          0          0          0      34587   stm32f4xx_hal_cortex.o
      2138        138          8          0          0       7510   stm32f4xx_hal_dma.o
      1272        230          0          0          0       3315   stm32f4xx_hal_gpio.o
        72          4          0          0          0        902   stm32f4xx_hal_msp.o
      2516        200          0          0          0       6092   stm32f4xx_hal_rcc.o
        94          0          0          0          0       1260   stm32f4xx_hal_sram.o
      2914        508          0          0          0       8190   stm32f4xx_hal_tim.o
       408         98          0          0          0       1492   stm32f4xx_hal_tim_ex.o
      3674        188          0          0          0      19767   stm32f4xx_hal_uart.o
       146         42          0          0          0       8100   stm32f4xx_it.o
      1200        184          0          0          0       4519   stm32f4xx_ll_fsmc.o
        20          6         24          4          0       1195   system_stm32f4xx.o
       316         20          0          0        144       2479   tim.o
       700         86          0          3        388       4165   usart.o

    ----------------------------------------------------------------------
     46424       3734       6670       4180      67140     954877   Object Totals
         0          0         32          0          0          0   (incl. Generated)
        26          0          4          9          2          0   (incl. Padding)

    ----------------------------------------------------------------------

      Code (inc. data)   RO Data    RW Data    ZI Data      Debug   Library Member Name

        68          0          0          0          0       1792   arm_bitreversal2.o
      1652          0          0          0          0       7236   arm_cfft_f32.o
       180          0          0          0          0       1283   arm_cfft_init_f32.o
      1458          4          0          0          0       5452   arm_cfft_radix8_f32.o
         0          0     121820          0          0       6294   arm_common_tables.o
         0          0        144          0          0       4820   arm_const_structs.o
       152         12          0          0          0       1104   arm_cos_f32.o
       430          0          0          0          0       3280   arm_rfft_fast_f32.o
       466          0          0          0          0       3844   arm_rfft_fast_init_f32.o
       144         12          0          0          0       1092   arm_sin_f32.o
       684         90          0          0          0        208   atan2f.o
       336         56          0          0          0        136   cosf.o
        38          0          0          0          0        116   fpclassifyf.o
        44         12          0          0          0        464   funder.o
       340         24         32          0          0        160   rredf.o
        58          0          0          0          0        136   sqrtf.o
        58          0          0          0          0          0   __dczerorl.o
        28          0          0          0          0         68   _chval.o
       158          0          0          0          0         92   _strtoul.o
         8          4        133          0          0         68   ctype_o.o
         0          0          0          0          0          0   entry.o
         0          0          0          0          0          0   entry10a.o
         0          0          0          0          0          0   entry11a.o
         4          0          0          0          0          0   entry12b.o
         8          4          0          0          0          0   entry2.o
         4          0          0          0          0          0   entry5.o
         0          0          0          0          0          0   entry7b.o
         0          0          0          0          0          0   entry8b.o
         8          4          0          0          0          0   entry9a.o
        20         10          0          4          0        136   errno.o
        30          0          0          0          0          0   handlers.o
        36          8          0          0          0         68   init.o
         0          0          0          0          0          0   iusefp.o
        30          0          0          0          0         68   llshl.o
        36          0          0          0          0         68   llsshr.o
        32          0          0          0          0         68   llushr.o
        36          0          0          0          0         68   memcpya.o
        36          0          0          0          0        108   memseta.o
      2268         96          0          0          0        616   printfa.o
         0          0          0          4          0          0   stdout.o
        14          0          0          0          0         68   strlen.o
       114          0          0          0          0         92   strtoul.o
        44          0          0          0          0         80   uidiv.o
        98          0          0          0          0         92   uldiv.o
        48          0          0          0          0         68   cdcmple.o
        48          0          0          0          0         68   cdrcmple.o
        56          0          0          0          0         88   d2f.o
       334          0          0          0          0        148   dadd.o
       222          0          0          0          0        100   ddiv.o
       186          0          0          0          0        176   depilogue.o
        50          0          0          0          0         76   dfixui.o
        48          0          0          0          0         68   dfixul.o
        26          0          0          0          0         76   dfltui.o
       228          0          0          0          0         96   dmul.o
        38          0          0          0          0         68   f2d.o
       110          0          0          0          0        168   fepilogue.o

    ----------------------------------------------------------------------
     10528        336     122134          8          0      40377   Library Totals
        14          0          5          0          0          0   (incl. Padding)

    ----------------------------------------------------------------------

      Code (inc. data)   RO Data    RW Data    ZI Data      Debug   Library Name

      4550         28     121964          0          0      36197   arm_cortexM4lf_math.lib
      1500        182         32          0          0       1220   m_wm.l
      3070        126        133          8          0       1760   mc_w.l
      1394          0          0          0          0       1200   mf_w.l

    ----------------------------------------------------------------------
     10528        336     122134          8          0      40377   Library Totals

    ----------------------------------------------------------------------

==============================================================================


      Code (inc. data)   RO Data    RW Data    ZI Data      Debug   

     56952       4070     128804       4188      67140     977166   Grand Totals
     56952       4070     128804         48      67140     977166   ELF Image Totals (compressed)
     56952       4070     128804         48          0          0   ROM Totals

==============================================================================

    Total RO  Size (Code + RO Data)               185756 ( 181.40kB)
    Total RW  Size (RW Data + ZI Data)             71328 (  69.66kB)
    Total ROM Size (Code + RO Data + RW Data)     185804 ( 181.45kB)

==============================================================================

