<html>
<body>
<pre>
<h1>µVision Build Log</h1>
<h2>Tool Versions:</h2>
IDE-Version: ¦ÌVision V5.41.0.0
Copyright (C) 2024 ARM Ltd and ARM Germany GmbH. All rights reserved.
License Information: Yang yufei, Zhejiang University, LIC=IK1BF-6IS5Y-GKQBG-VMX2R-DWAZS-W72YJ
 
Tool Versions:
Toolchain:       MDK-ARM Plus  Version: 5.41.0.0
Toolchain Path:  D:\Keil5\ARM\ARMCC\Bin
C Compiler:      Armcc.exe V5.06 update 7 (build 960)
Assembler:       Armasm.exe V5.06 update 7 (build 960)
Linker/Locator:  ArmLink.exe V5.06 update 7 (build 960)
Library Manager: ArmAr.exe V5.06 update 7 (build 960)
Hex Converter:   FromElf.exe V5.06 update 7 (build 960)
CPU DLL:         SARMCM3.DLL V5.41.0.0
Dialog DLL:      DCM.DLL V1.17.5.0
Target DLL:      STLink\ST-LINKIII-KEIL_SWO.dll V3.3.0.0
Dialog DLL:      TCM.DLL V1.56.4.0
 
<h2>Project:</h2>
F:\Course_Project\2023H\code\Goertzel\SignalDecomposition\MDK-ARM\SignalDecomposition.uvprojx
Project File Date:  07/18/2025

<h2>Output:</h2>
*** Using Compiler 'V5.06 update 7 (build 960)', folder: 'D:\Keil5\ARM\ARMCC\Bin'
Build target 'SignalDecomposition'
compiling main.c...
compiling data_process.c...
..\Users\data_process.c(148): warning:  #1035-D: single-precision operand implicitly converted to double-precision
      ANALYSE_ONE(f1, A1, f2, A2, sig1);
..\Users\data_process.c(149): warning:  #1035-D: single-precision operand implicitly converted to double-precision
      ANALYSE_ONE(f2, A2, f1, A1, sig2);
..\Users\data_process.c(14): warning:  #177-D: variable "pllA_int"  was declared but never referenced
  static float    pllA_int = 0, pllB_int = 0;
..\Users\data_process.c(14): warning:  #177-D: variable "pllB_int"  was declared but never referenced
  static float    pllA_int = 0, pllB_int = 0;
..\Users\data_process.c(17): warning:  #177-D: variable "fA_filtered"  was declared but never referenced
  static float fA_filtered = 40000.0f;
..\Users\data_process.c(18): warning:  #177-D: variable "fApr_filtered"  was declared but never referenced
  static float fApr_filtered = 40000.0f;
..\Users\data_process.c(19): warning:  #177-D: variable "fB_filtered"  was declared but never referenced
  static float fB_filtered = 70000.0f;
..\Users\data_process.c(20): warning:  #177-D: variable "fBpr_filtered"  was declared but never referenced
  static float fBpr_filtered = 70000.0f;
..\Users\data_process.c(21): warning:  #177-D: variable "filter_init"  was declared but never referenced
  static uint8_t filter_init = 0;
..\Users\data_process.c(313): warning:  #177-D: variable "phase_tracker_A"  was declared but never referenced
  static Phase_Tracker_t phase_tracker_A;
..\Users\data_process.c(314): warning:  #177-D: variable "phase_tracker_Apr"  was declared but never referenced
  static Phase_Tracker_t phase_tracker_Apr;
..\Users\data_process.c(315): warning:  #177-D: variable "phase_tracker_B"  was declared but never referenced
  static Phase_Tracker_t phase_tracker_B;
..\Users\data_process.c(316): warning:  #177-D: variable "phase_tracker_Bpr"  was declared but never referenced
  static Phase_Tracker_t phase_tracker_Bpr;
..\Users\data_process.c: 13 warnings, 0 errors
linking...
Program Size: Code=57920 RO-data=128812 RW-data=4216 ZI-data=68368  
FromELF: creating hex file...
"SignalDecomposition\SignalDecomposition.axf" - 0 Error(s), 13 Warning(s).

<h2>Software Packages used:</h2>

Package Vendor: ARM
                https://www.keil.com/pack/ARM.CMSIS.6.1.0.pack
                ARM::CMSIS@6.1.0
                CMSIS (Common Microcontroller Software Interface Standard)
   * Component: CORE Version: 6.1.0

Package Vendor: Keil
                https://www.keil.com/pack/Keil.STM32F4xx_DFP.3.0.0.pack
                Keil::STM32F4xx_DFP@3.0.0
                STMicroelectronics STM32F4 Series Device Support

<h2>Collection of Component include folders:</h2>
  ./RTE/_SignalDecomposition
  D:/Keil5/ARM/PACK/ARM/CMSIS/6.1.0/CMSIS/Core/Include

<h2>Collection of Component Files used:</h2>

   * Component: ARM::CMSIS:CORE@6.1.0
      Include file:  CMSIS/Core/Include/tz_context.h
Build Time Elapsed:  00:00:08
</pre>
</body>
</html>
